Component: ARM Compiler 5.06 update 6 (build 750) Tool: armlink [4d35ed]

==============================================================================

Section Cross References

    startup_stm32f767xx.o(RESET) refers to startup_stm32f767xx.o(STACK) for __initial_sp
    startup_stm32f767xx.o(RESET) refers to startup_stm32f767xx.o(.text) for Reset_Handler
    startup_stm32f767xx.o(RESET) refers to stm32f7xx_it.o(i.NMI_Handler) for NMI_Handler
    startup_stm32f767xx.o(RESET) refers to stm32f7xx_it.o(i.HardFault_Handler) for HardFault_Handler
    startup_stm32f767xx.o(RESET) refers to stm32f7xx_it.o(i.MemManage_Handler) for MemManage_Handler
    startup_stm32f767xx.o(RESET) refers to stm32f7xx_it.o(i.BusFault_Handler) for BusFault_Handler
    startup_stm32f767xx.o(RESET) refers to stm32f7xx_it.o(i.UsageFault_Handler) for UsageFault_Handler
    startup_stm32f767xx.o(RESET) refers to stm32f7xx_it.o(i.SVC_Handler) for SVC_Handler
    startup_stm32f767xx.o(RESET) refers to stm32f7xx_it.o(i.DebugMon_Handler) for DebugMon_Handler
    startup_stm32f767xx.o(RESET) refers to stm32f7xx_it.o(i.PendSV_Handler) for PendSV_Handler
    startup_stm32f767xx.o(RESET) refers to stm32f7xx_it.o(i.SysTick_Handler) for SysTick_Handler
    startup_stm32f767xx.o(RESET) refers to stm32f7xx_it.o(i.DMA2_Stream1_IRQHandler) for DMA2_Stream1_IRQHandler
    startup_stm32f767xx.o(.text) refers to system_stm32f7xx.o(i.SystemInit) for SystemInit
    startup_stm32f767xx.o(.text) refers to entry.o(.ARM.Collect$$$$00000000) for __main
    main_1.o(i._Z15rainbowGradientv) refers to main_1.o(i._Z5Wheelh) for Wheel(unsigned char)
    main_1.o(i._Z15rainbowGradientv) refers to ws2812b.o(i._ZN5WSLED17led_set_color_rgbEjj) for WSLED::led_set_color_rgb(unsigned, unsigned)
    main_1.o(i._Z15rainbowGradientv) refers to ws2812b.o(i._ZN5WSLED11led_displayEv) for WSLED::led_display()
    main_1.o(i._Z15rainbowGradientv) refers to stm32f7xx_hal.o(i.HAL_Delay) for HAL_Delay
    main_1.o(i._Z15rainbowGradientv) refers to main_1.o(.bss) for .bss
    main_1.o(i._Z18SystemClock_Configv) refers to memseta.o(.text) for __aeabi_memclr4
    main_1.o(i._Z18SystemClock_Configv) refers to stm32f7xx_hal_rcc.o(i.HAL_RCC_OscConfig) for HAL_RCC_OscConfig
    main_1.o(i._Z18SystemClock_Configv) refers to stm32f7xx_hal_pwr_ex.o(i.HAL_PWREx_EnableOverDrive) for HAL_PWREx_EnableOverDrive
    main_1.o(i._Z18SystemClock_Configv) refers to stm32f7xx_hal_rcc.o(i.HAL_RCC_ClockConfig) for HAL_RCC_ClockConfig
    main_1.o(i.__sti___8_main_cpp_wsled) refers to ws2812b.o(i._ZN5WSLEDC1Ev) for WSLED::WSLED()
    main_1.o(i.__sti___8_main_cpp_wsled) refers to main_1.o(.bss) for .bss
    main_1.o(i.main) refers to stm32f7xx_hal.o(i.HAL_Init) for HAL_Init
    main_1.o(i.main) refers to main_1.o(i._Z18SystemClock_Configv) for SystemClock_Config()
    main_1.o(i.main) refers to gpio.o(i.MX_GPIO_Init) for MX_GPIO_Init
    main_1.o(i.main) refers to dma.o(i.MX_DMA_Init) for MX_DMA_Init
    main_1.o(i.main) refers to tim.o(i.MX_TIM1_Init) for MX_TIM1_Init
    main_1.o(i.main) refers to ws2812b.o(i._ZN5WSLED8led_initEv) for WSLED::led_init()
    main_1.o(i.main) refers to ws2812b.o(i._ZN5WSLED17led_set_color_allEhhh) for WSLED::led_set_color_all(unsigned char, unsigned char, unsigned char)
    main_1.o(i.main) refers to ws2812b.o(i._ZN5WSLED11led_displayEv) for WSLED::led_display()
    main_1.o(i.main) refers to main_1.o(i._Z15rainbowGradientv) for rainbowGradient()
    main_1.o(i.main) refers to main_1.o(.bss) for .bss
    main_1.o(.ARM.exidx) refers to main_1.o(i._Z5Wheelh) for i._Z5Wheelh
    main_1.o(.ARM.exidx) refers to main_1.o(i._Z15rainbowGradientv) for i._Z15rainbowGradientv
    main_1.o(.ARM.exidx) refers to main_1.o(i.Error_Handler) for i.Error_Handler
    main_1.o(.ARM.exidx) refers to main_1.o(i._Z18SystemClock_Configv) for i._Z18SystemClock_Configv
    main_1.o(.ARM.exidx) refers to main_1.o(i.main) for i.main
    main_1.o(.ARM.exidx) refers to main_1.o(i.__sti___8_main_cpp_wsled) for i.__sti___8_main_cpp_wsled
    main_1.o(.init_array) refers to main_1.o(i.__sti___8_main_cpp_wsled) for __sti___8_main_cpp_wsled
    main_1.o(.init_array) refers to cpp_init.o(.text) for __cpp_initialize__aeabi_
    dma.o(i.MX_DMA_Init) refers to stm32f7xx_hal_cortex.o(i.HAL_NVIC_SetPriority) for HAL_NVIC_SetPriority
    dma.o(i.MX_DMA_Init) refers to stm32f7xx_hal_cortex.o(i.HAL_NVIC_EnableIRQ) for HAL_NVIC_EnableIRQ
    tim.o(i.HAL_TIM_MspPostInit) refers to memseta.o(.text) for __aeabi_memclr4
    tim.o(i.HAL_TIM_MspPostInit) refers to stm32f7xx_hal_gpio.o(i.HAL_GPIO_Init) for HAL_GPIO_Init
    tim.o(i.HAL_TIM_PWM_MspDeInit) refers to stm32f7xx_hal_dma.o(i.HAL_DMA_DeInit) for HAL_DMA_DeInit
    tim.o(i.HAL_TIM_PWM_MspInit) refers to stm32f7xx_hal_dma.o(i.HAL_DMA_Init) for HAL_DMA_Init
    tim.o(i.HAL_TIM_PWM_MspInit) refers to main_1.o(i.Error_Handler) for Error_Handler
    tim.o(i.HAL_TIM_PWM_MspInit) refers to tim.o(.bss) for .bss
[...]
    ws2812b.o(.ARM.exidx) refers to ws2812b.o(i._ZN5WSLED21led_set_color_all_rgbEj) for i._ZN5WSLED21led_set_color_all_rgbEj
    entry.o(.ARM.Collect$$$$00000000) refers (Special) to entry10a.o(.ARM.Collect$$$$0000000D) for __rt_final_cpp
    entry.o(.ARM.Collect$$$$00000000) refers (Special) to entry11a.o(.ARM.Collect$$$$0000000F) for __rt_final_exit
    entry.o(.ARM.Collect$$$$00000000) refers (Special) to entry7b.o(.ARM.Collect$$$$00000008) for _main_clock
    entry.o(.ARM.Collect$$$$00000000) refers (Special) to entry8b.o(.ARM.Collect$$$$0000000A) for _main_cpp_init
    entry.o(.ARM.Collect$$$$00000000) refers (Special) to entry9a.o(.ARM.Collect$$$$0000000B) for _main_init
    entry.o(.ARM.Collect$$$$00000000) refers (Special) to entry5.o(.ARM.Collect$$$$00000004) for _main_scatterload
    entry.o(.ARM.Collect$$$$00000000) refers (Special) to entry2.o(.ARM.Collect$$$$00000001) for _main_stk
    uldiv.o(.text) refers to llushr.o(.text) for __aeabi_llsr
    uldiv.o(.text) refers to llshl.o(.text) for __aeabi_llsl
    cpp_init.o(.emb_text) refers (Special) to entry8a.o(.ARM.Collect$$$$00000009) for _main_cpp_init$empty
    cpp_init.o(.init_array) refers (Special) to entry8a.o(.ARM.Collect$$$$00000009) for _main_cpp_init$empty
    cpp_init.o(.init_array) refers to cpp_init.o(.text) for __cpp_initialize__aeabi_
    cpp_init.o(.dummy_text) refers (Special) to entry8a.o(.ARM.Collect$$$$00000009) for _main_cpp_init$empty
    cpp_init.o(.text) refers (Special) to entry8a.o(.ARM.Collect$$$$00000009) for _main_cpp_init$empty
    entry2.o(.ARM.Collect$$$$00000001) refers to entry2.o(.ARM.Collect$$$$00002712) for __lit__00000000
    entry2.o(.ARM.Collect$$$$00002712) refers to startup_stm32f767xx.o(STACK) for __initial_sp
    entry2.o(__vectab_stack_and_reset_area) refers to startup_stm32f767xx.o(STACK) for __initial_sp
    entry2.o(__vectab_stack_and_reset_area) refers to entry.o(.ARM.Collect$$$$00000000) for __main
    entry5.o(.ARM.Collect$$$$00000004) refers to init.o(.text) for __scatterload
    entry8a.o(.ARM.Collect$$$$00000009) refers (Weak) to cpp_init.o(.text) for __cpp_initialize__aeabi_
    entry9a.o(.ARM.Collect$$$$0000000B) refers to main_1.o(i.main) for main
    entry9b.o(.ARM.Collect$$$$0000000C) refers to main_1.o(i.main) for main
    init.o(.text) refers to entry5.o(.ARM.Collect$$$$00000004) for __main_after_scatterload


==============================================================================

Removing Unused input sections from the image.

    Removing startup_stm32f767xx.o(HEAP), (512 bytes).
    Removing main_1.o(.rev16_text), (4 bytes).
    Removing main_1.o(.revsh_text), (4 bytes).
    Removing main_1.o(.rrx_text), (6 bytes).
    Removing main_1.o(.ARM.exidx), (8 bytes).
    Removing main_1.o(.ARM.exidx), (8 bytes).
    Removing main_1.o(.ARM.exidx), (8 bytes).
    Removing main_1.o(.ARM.exidx), (8 bytes).
    Removing main_1.o(.ARM.exidx), (8 bytes).
    Removing main_1.o(.ARM.exidx), (8 bytes).
    Removing gpio.o(.rev16_text), (4 bytes).
    Removing gpio.o(.revsh_text), (4 bytes).
    Removing gpio.o(.rrx_text), (6 bytes).
    Removing dma.o(.rev16_text), (4 bytes).
    Removing dma.o(.revsh_text), (4 bytes).
    Removing dma.o(.rrx_text), (6 bytes).
    Removing tim.o(.rev16_text), (4 bytes).
    Removing tim.o(.revsh_text), (4 bytes).
    Removing tim.o(.rrx_text), (6 bytes).
    Removing tim.o(i.HAL_TIM_PWM_MspDeInit), (36 bytes).
    Removing stm32f7xx_it.o(.rev16_text), (4 bytes).
    Removing stm32f7xx_it.o(.revsh_text), (4 bytes).
    Removing stm32f7xx_it.o(.rrx_text), (6 bytes).
    Removing stm32f7xx_hal_msp.o(.rev16_text), (4 bytes).
    Removing stm32f7xx_hal_msp.o(.revsh_text), (4 bytes).
    Removing stm32f7xx_hal_msp.o(.rrx_text), (6 bytes).
    Removing stm32f7xx_hal_cortex.o(.rev16_text), (4 bytes).
    Removing stm32f7xx_hal_cortex.o(.revsh_text), (4 bytes).
    Removing stm32f7xx_hal_cortex.o(.rrx_text), (6 bytes).
    Removing stm32f7xx_hal_cortex.o(i.HAL_MPU_ConfigRegion), (92 bytes).
    Removing stm32f7xx_hal_cortex.o(i.HAL_MPU_Disable), (28 bytes).
    Removing stm32f7xx_hal_cortex.o(i.HAL_MPU_Enable), (36 bytes).
    Removing stm32f7xx_hal_cortex.o(i.HAL_NVIC_ClearPendingIRQ), (26 bytes).
    Removing stm32f7xx_hal_cortex.o(i.HAL_NVIC_DisableIRQ), (34 bytes).
    Removing stm32f7xx_hal_cortex.o(i.HAL_NVIC_GetActive), (36 bytes).
    Removing stm32f7xx_hal_cortex.o(i.HAL_NVIC_GetPendingIRQ), (36 bytes).
    Removing stm32f7xx_hal_cortex.o(i.HAL_NVIC_GetPriority), (82 bytes).
    Removing stm32f7xx_hal_cortex.o(i.HAL_NVIC_GetPriorityGrouping), (16 bytes).
    Removing stm32f7xx_hal_cortex.o(i.HAL_NVIC_SetPendingIRQ), (26 bytes).
    Removing stm32f7xx_hal_cortex.o(i.HAL_NVIC_SystemReset), (36 bytes).
    Removing stm32f7xx_hal_cortex.o(i.HAL_SYSTICK_CLKSourceConfig), (24 bytes).
    Removing stm32f7xx_hal_cortex.o(i.HAL_SYSTICK_Callback), (2 bytes).
    Removing stm32f7xx_hal_cortex.o(i.HAL_SYSTICK_IRQHandler), (8 bytes).
    Removing stm32f7xx_hal_tim.o(.rev16_text), (4 bytes).
    Removing stm32f7xx_hal_tim.o(.revsh_text), (4 bytes).
    Removing stm32f7xx_hal_tim.o(.rrx_text), (6 bytes).
    Removing stm32f7xx_hal_tim.o(i.HAL_TIM_Base_DeInit), (56 bytes).
    Removing stm32f7xx_hal_tim.o(i.HAL_TIM_Base_GetState), (6 bytes).
    Removing stm32f7xx_hal_tim.o(i.HAL_TIM_Base_Init), (54 bytes).
    Removing stm32f7xx_hal_tim.o(i.HAL_TIM_Base_MspDeInit), (2 bytes).
    Removing stm32f7xx_hal_tim.o(i.HAL_TIM_Base_MspInit), (2 bytes).
    Removing stm32f7xx_hal_tim.o(i.HAL_TIM_Base_Start), (48 bytes).
    Removing stm32f7xx_hal_tim.o(i.HAL_TIM_Base_Start_DMA), (124 bytes).
    Removing stm32f7xx_hal_tim.o(i.HAL_TIM_Base_Start_IT), (44 bytes).
    Removing stm32f7xx_hal_tim.o(i.HAL_TIM_Base_Stop), (44 bytes).
    Removing stm32f7xx_hal_tim.o(i.HAL_TIM_Base_Stop_DMA), (58 bytes).
    Removing stm32f7xx_hal_tim.o(i.HAL_TIM_Base_Stop_IT), (42 bytes).
    Removing stm32f7xx_hal_tim.o(i.HAL_TIM_ConfigClockSource), (220 bytes).
    Removing stm32f7xx_hal_tim.o(i.HAL_TIM_ConfigOCrefClear), (270 bytes).
    Removing stm32f7xx_hal_tim.o(i.HAL_TIM_ConfigTI1Input), (16 bytes).
    Removing stm32f7xx_hal_tim.o(i.HAL_TIM_DMABurst_ReadStart), (336 bytes).
    Removing stm32f7xx_hal_tim.o(i.HAL_TIM_DMABurst_ReadStop), (102 bytes).
    Removing stm32f7xx_hal_tim.o(i.HAL_TIM_DMABurst_WriteStart), (336 bytes).
    Removing stm32f7xx_hal_tim.o(i.HAL_TIM_DMABurst_WriteStop), (102 bytes).
    Removing stm32f7xx_hal_tim.o(i.HAL_TIM_Encoder_DeInit), (56 bytes).
    Removing stm32f7xx_hal_tim.o(i.HAL_TIM_Encoder_GetState), (6 bytes).
    Removing stm32f7xx_hal_tim.o(i.HAL_TIM_Encoder_Init), (168 bytes).
    Removing stm32f7xx_hal_tim.o(i.HAL_TIM_Encoder_MspDeInit), (2 bytes).
    Removing stm32f7xx_hal_tim.o(i.HAL_TIM_Encoder_MspInit), (2 bytes).
    Removing stm32f7xx_hal_tim.o(i.HAL_TIM_Encoder_Start), (52 bytes).
    Removing stm32f7xx_hal_tim.o(i.HAL_TIM_Encoder_Start_DMA), (312 bytes).
    Removing stm32f7xx_hal_tim.o(i.HAL_TIM_Encoder_Start_IT), (92 bytes).
    Removing stm32f7xx_hal_tim.o(i.HAL_TIM_Encoder_Stop), (70 bytes).
    Removing stm32f7xx_hal_tim.o(i.HAL_TIM_Encoder_Stop_DMA), (144 bytes).
    Removing stm32f7xx_hal_tim.o(i.HAL_TIM_Encoder_Stop_IT), (116 bytes).
    Removing stm32f7xx_hal_tim.o(i.HAL_TIM_GenerateEvent), (40 bytes).
    Removing stm32f7xx_hal_tim.o(i.HAL_TIM_IC_CaptureCallback), (2 bytes).
    Removing stm32f7xx_hal_tim.o(i.HAL_TIM_IC_CaptureHalfCpltCallback), (2 bytes).
    Removing stm32f7xx_hal_tim.o(i.HAL_TIM_IC_ConfigChannel), (288 bytes).
    Removing stm32f7xx_hal_tim.o(i.HAL_TIM_IC_DeInit), (56 bytes).
    Removing stm32f7xx_hal_tim.o(i.HAL_TIM_IC_GetState), (6 bytes).
    Removing stm32f7xx_hal_tim.o(i.HAL_TIM_IC_Init), (54 bytes).
    Removing stm32f7xx_hal_tim.o(i.HAL_TIM_IC_MspDeInit), (2 bytes).
    Removing stm32f7xx_hal_tim.o(i.HAL_TIM_IC_MspInit), (2 bytes).
    Removing stm32f7xx_hal_tim.o(i.HAL_TIM_IC_Start), (48 bytes).
    Removing stm32f7xx_hal_tim.o(i.HAL_TIM_IC_Start_DMA), (260 bytes).
    Removing stm32f7xx_hal_tim.o(i.HAL_TIM_IC_Start_IT), (96 bytes).
    Removing stm32f7xx_hal_tim.o(i.HAL_TIM_IC_Stop), (44 bytes).
    Removing stm32f7xx_hal_tim.o(i.HAL_TIM_IC_Stop_DMA), (122 bytes).
    Removing stm32f7xx_hal_tim.o(i.HAL_TIM_IC_Stop_IT), (94 bytes).
    Removing stm32f7xx_hal_tim.o(i.HAL_TIM_IRQHandler), (386 bytes).
    Removing stm32f7xx_hal_tim.o(i.HAL_TIM_OC_ConfigChannel), (114 bytes).
    Removing stm32f7xx_hal_tim.o(i.HAL_TIM_OC_DeInit), (56 bytes).
    Removing stm32f7xx_hal_tim.o(i.HAL_TIM_OC_DelayElapsedCallback), (2 bytes).
    Removing stm32f7xx_hal_tim.o(i.HAL_TIM_OC_GetState), (6 bytes).
    Removing stm32f7xx_hal_tim.o(i.HAL_TIM_OC_Init), (54 bytes).
    Removing stm32f7xx_hal_tim.o(i.HAL_TIM_OC_MspDeInit), (2 bytes).
    Removing stm32f7xx_hal_tim.o(i.HAL_TIM_OC_MspInit), (2 bytes).
    Removing stm32f7xx_hal_tim.o(i.HAL_TIM_OC_Start), (76 bytes).
    Removing stm32f7xx_hal_tim.o(i.HAL_TIM_OC_Start_DMA), (300 bytes).
    Removing stm32f7xx_hal_tim.o(i.HAL_TIM_OC_Start_IT), (128 bytes).
    Removing stm32f7xx_hal_tim.o(i.HAL_TIM_OC_Stop), (88 bytes).
    Removing stm32f7xx_hal_tim.o(i.HAL_TIM_OC_Stop_DMA), (164 bytes).
    Removing stm32f7xx_hal_tim.o(i.HAL_TIM_OC_Stop_IT), (136 bytes).
    Removing stm32f7xx_hal_tim.o(i.HAL_TIM_OnePulse_ConfigChannel), (224 bytes).
    Removing stm32f7xx_hal_tim.o(i.HAL_TIM_OnePulse_DeInit), (56 bytes).
    Removing stm32f7xx_hal_tim.o(i.HAL_TIM_OnePulse_GetState), (6 bytes).
    Removing stm32f7xx_hal_tim.o(i.HAL_TIM_OnePulse_Init), (74 bytes).
    Removing stm32f7xx_hal_tim.o(i.HAL_TIM_OnePulse_MspDeInit), (2 bytes).
    Removing stm32f7xx_hal_tim.o(i.HAL_TIM_OnePulse_MspInit), (2 bytes).
    Removing stm32f7xx_hal_tim.o(i.HAL_TIM_OnePulse_Start), (60 bytes).
    Removing stm32f7xx_hal_tim.o(i.HAL_TIM_OnePulse_Start_IT), (80 bytes).
    Removing stm32f7xx_hal_tim.o(i.HAL_TIM_OnePulse_Stop), (100 bytes).
    Removing stm32f7xx_hal_tim.o(i.HAL_TIM_OnePulse_Stop_IT), (120 bytes).
    Removing stm32f7xx_hal_tim.o(i.HAL_TIM_PWM_DeInit), (56 bytes).
    Removing stm32f7xx_hal_tim.o(i.HAL_TIM_PWM_GetState), (6 bytes).
    Removing stm32f7xx_hal_tim.o(i.HAL_TIM_PWM_MspDeInit), (2 bytes).
    Removing stm32f7xx_hal_tim.o(i.HAL_TIM_PWM_MspInit), (2 bytes).
    Removing stm32f7xx_hal_tim.o(i.HAL_TIM_PWM_Start), (76 bytes).
    Removing stm32f7xx_hal_tim.o(i.HAL_TIM_PWM_Start_IT), (128 bytes).
    Removing stm32f7xx_hal_tim.o(i.HAL_TIM_PWM_Stop), (92 bytes).
    Removing stm32f7xx_hal_tim.o(i.HAL_TIM_PWM_Stop_DMA), (164 bytes).
    Removing stm32f7xx_hal_tim.o(i.HAL_TIM_PWM_Stop_IT), (136 bytes).
    Removing stm32f7xx_hal_tim.o(i.HAL_TIM_PeriodElapsedCallback), (2 bytes).
    Removing stm32f7xx_hal_tim.o(i.HAL_TIM_PeriodElapsedHalfCpltCallback), (2 bytes).
    Removing stm32f7xx_hal_tim.o(i.HAL_TIM_ReadCapturedValue), (44 bytes).
    Removing stm32f7xx_hal_tim.o(i.HAL_TIM_SlaveConfigSynchro), (86 bytes).
    Removing stm32f7xx_hal_tim.o(i.HAL_TIM_SlaveConfigSynchro_IT), (86 bytes).
    Removing stm32f7xx_hal_tim.o(i.HAL_TIM_TriggerCallback), (2 bytes).
    Removing stm32f7xx_hal_tim.o(i.HAL_TIM_TriggerHalfCpltCallback), (2 bytes).
    Removing stm32f7xx_hal_tim.o(i.TIM_DMACaptureCplt), (62 bytes).
    Removing stm32f7xx_hal_tim.o(i.TIM_DMACaptureHalfCplt), (62 bytes).
    Removing stm32f7xx_hal_tim.o(i.TIM_DMAPeriodElapsedCplt), (16 bytes).
    Removing stm32f7xx_hal_tim.o(i.TIM_DMAPeriodElapsedHalfCplt), (16 bytes).
    Removing stm32f7xx_hal_tim.o(i.TIM_DMATriggerCplt), (16 bytes).
    Removing stm32f7xx_hal_tim.o(i.TIM_DMATriggerHalfCplt), (16 bytes).
    Removing stm32f7xx_hal_tim.o(i.TIM_ETR_SetConfig), (18 bytes).
    Removing stm32f7xx_hal_tim.o(i.TIM_ITRx_SetConfig), (16 bytes).
    Removing stm32f7xx_hal_tim.o(i.TIM_SlaveTimer_SetConfig), (140 bytes).
    Removing stm32f7xx_hal_tim.o(i.TIM_TI1_ConfigInputStage), (34 bytes).
    Removing stm32f7xx_hal_tim.o(i.TIM_TI1_SetConfig), (128 bytes).
    Removing stm32f7xx_hal_tim.o(i.TIM_TI2_ConfigInputStage), (36 bytes).
    Removing stm32f7xx_hal_tim.o(i.TIM_TI2_SetConfig), (54 bytes).
    Removing stm32f7xx_hal_tim_ex.o(.rev16_text), (4 bytes).
    Removing stm32f7xx_hal_tim_ex.o(.revsh_text), (4 bytes).
    Removing stm32f7xx_hal_tim_ex.o(.rrx_text), (6 bytes).
    Removing stm32f7xx_hal_tim_ex.o(i.HAL_TIMEx_Break2Callback), (2 bytes).
    Removing stm32f7xx_hal_tim_ex.o(i.HAL_TIMEx_BreakCallback), (2 bytes).
    Removing stm32f7xx_hal_tim_ex.o(i.HAL_TIMEx_CommutCallback), (2 bytes).
    Removing stm32f7xx_hal_tim_ex.o(i.HAL_TIMEx_CommutHalfCpltCallback), (2 bytes).
    Removing stm32f7xx_hal_tim_ex.o(i.HAL_TIMEx_ConfigBreakInput), (162 bytes).
    Removing stm32f7xx_hal_tim_ex.o(i.HAL_TIMEx_ConfigCommutEvent), (112 bytes).
    Removing stm32f7xx_hal_tim_ex.o(i.HAL_TIMEx_ConfigCommutEvent_DMA), (144 bytes).
    Removing stm32f7xx_hal_tim_ex.o(i.HAL_TIMEx_ConfigCommutEvent_IT), (112 bytes).
    Removing stm32f7xx_hal_tim_ex.o(i.HAL_TIMEx_GroupChannel5), (58 bytes).
    Removing stm32f7xx_hal_tim_ex.o(i.HAL_TIMEx_HallSensor_DeInit), (56 bytes).
    Removing stm32f7xx_hal_tim_ex.o(i.HAL_TIMEx_HallSensor_GetState), (6 bytes).
    Removing stm32f7xx_hal_tim_ex.o(i.HAL_TIMEx_HallSensor_Init), (192 bytes).
    Removing stm32f7xx_hal_tim_ex.o(i.HAL_TIMEx_HallSensor_MspDeInit), (2 bytes).
    Removing stm32f7xx_hal_tim_ex.o(i.HAL_TIMEx_HallSensor_MspInit), (2 bytes).
    Removing stm32f7xx_hal_tim_ex.o(i.HAL_TIMEx_HallSensor_Start), (48 bytes).
    Removing stm32f7xx_hal_tim_ex.o(i.HAL_TIMEx_HallSensor_Start_DMA), (140 bytes).
    Removing stm32f7xx_hal_tim_ex.o(i.HAL_TIMEx_HallSensor_Start_IT), (60 bytes).
    Removing stm32f7xx_hal_tim_ex.o(i.HAL_TIMEx_HallSensor_Stop), (46 bytes).
    Removing stm32f7xx_hal_tim_ex.o(i.HAL_TIMEx_HallSensor_Stop_DMA), (62 bytes).
    Removing stm32f7xx_hal_tim_ex.o(i.HAL_TIMEx_HallSensor_Stop_IT), (56 bytes).
    Removing stm32f7xx_hal_tim_ex.o(i.HAL_TIMEx_OCN_Start), (56 bytes).
    Removing stm32f7xx_hal_tim_ex.o(i.HAL_TIMEx_OCN_Start_DMA), (240 bytes).
    Removing stm32f7xx_hal_tim_ex.o(i.HAL_TIMEx_OCN_Start_IT), (104 bytes).
    Removing stm32f7xx_hal_tim_ex.o(i.HAL_TIMEx_OCN_Stop), (66 bytes).
    Removing stm32f7xx_hal_tim_ex.o(i.HAL_TIMEx_OCN_Stop_DMA), (128 bytes).
    Removing stm32f7xx_hal_tim_ex.o(i.HAL_TIMEx_OCN_Stop_IT), (122 bytes).
    Removing stm32f7xx_hal_tim_ex.o(i.HAL_TIMEx_OnePulseN_Start), (26 bytes).
    Removing stm32f7xx_hal_tim_ex.o(i.HAL_TIMEx_OnePulseN_Start_IT), (46 bytes).
    Removing stm32f7xx_hal_tim_ex.o(i.HAL_TIMEx_OnePulseN_Stop), (66 bytes).
    Removing stm32f7xx_hal_tim_ex.o(i.HAL_TIMEx_OnePulseN_Stop_IT), (86 bytes).
    Removing stm32f7xx_hal_tim_ex.o(i.HAL_TIMEx_PWMN_Start), (56 bytes).
    Removing stm32f7xx_hal_tim_ex.o(i.HAL_TIMEx_PWMN_Start_DMA), (240 bytes).
    Removing stm32f7xx_hal_tim_ex.o(i.HAL_TIMEx_PWMN_Start_IT), (104 bytes).
    Removing stm32f7xx_hal_tim_ex.o(i.HAL_TIMEx_PWMN_Stop), (66 bytes).
    Removing stm32f7xx_hal_tim_ex.o(i.HAL_TIMEx_PWMN_Stop_DMA), (128 bytes).
    Removing stm32f7xx_hal_tim_ex.o(i.HAL_TIMEx_PWMN_Stop_IT), (122 bytes).
    Removing stm32f7xx_hal_tim_ex.o(i.HAL_TIMEx_RemapConfig), (34 bytes).
    Removing stm32f7xx_hal_tim_ex.o(i.TIMEx_DMACommutationCplt), (16 bytes).
    Removing stm32f7xx_hal_tim_ex.o(i.TIMEx_DMACommutationHalfCplt), (16 bytes).
    Removing stm32f7xx_hal_tim_ex.o(i.TIM_CCxNChannelCmd), (26 bytes).
    Removing stm32f7xx_hal_rcc.o(.rev16_text), (4 bytes).
    Removing stm32f7xx_hal_rcc.o(.revsh_text), (4 bytes).
    Removing stm32f7xx_hal_rcc.o(.rrx_text), (6 bytes).
    Removing stm32f7xx_hal_rcc.o(i.HAL_RCC_CSSCallback), (2 bytes).
    Removing stm32f7xx_hal_rcc.o(i.HAL_RCC_DeInit), (320 bytes).
    Removing stm32f7xx_hal_rcc.o(i.HAL_RCC_DisableCSS), (16 bytes).
    Removing stm32f7xx_hal_rcc.o(i.HAL_RCC_EnableCSS), (16 bytes).
    Removing stm32f7xx_hal_rcc.o(i.HAL_RCC_GetClockConfig), (64 bytes).
    Removing stm32f7xx_hal_rcc.o(i.HAL_RCC_GetHCLKFreq), (12 bytes).
    Removing stm32f7xx_hal_rcc.o(i.HAL_RCC_GetOscConfig), (196 bytes).
    Removing stm32f7xx_hal_rcc.o(i.HAL_RCC_GetPCLK1Freq), (32 bytes).
    Removing stm32f7xx_hal_rcc.o(i.HAL_RCC_GetPCLK2Freq), (32 bytes).
    Removing stm32f7xx_hal_rcc.o(i.HAL_RCC_MCOConfig), (148 bytes).
    Removing stm32f7xx_hal_rcc.o(i.HAL_RCC_NMI_IRQHandler), (28 bytes).
    Removing stm32f7xx_hal_rcc_ex.o(.rev16_text), (4 bytes).
    Removing stm32f7xx_hal_rcc_ex.o(.revsh_text), (4 bytes).
    Removing stm32f7xx_hal_rcc_ex.o(.rrx_text), (6 bytes).
    Removing stm32f7xx_hal_rcc_ex.o(i.HAL_RCCEx_DisablePLLI2S), (48 bytes).
    Removing stm32f7xx_hal_rcc_ex.o(i.HAL_RCCEx_DisablePLLSAI), (52 bytes).
    Removing stm32f7xx_hal_rcc_ex.o(i.HAL_RCCEx_EnablePLLI2S), (112 bytes).
    Removing stm32f7xx_hal_rcc_ex.o(i.HAL_RCCEx_EnablePLLSAI), (120 bytes).
    Removing stm32f7xx_hal_rcc_ex.o(i.HAL_RCCEx_GetPeriphCLKConfig), (336 bytes).
    Removing stm32f7xx_hal_rcc_ex.o(i.HAL_RCCEx_GetPeriphCLKFreq), (272 bytes).
    Removing stm32f7xx_hal_rcc_ex.o(i.HAL_RCCEx_PeriphCLKConfig), (1340 bytes).
    Removing stm32f7xx_hal_flash.o(.rev16_text), (4 bytes).
    Removing stm32f7xx_hal_flash.o(.revsh_text), (4 bytes).
    Removing stm32f7xx_hal_flash.o(.rrx_text), (6 bytes).
    Removing stm32f7xx_hal_flash.o(i.FLASH_Program_Byte), (36 bytes).
    Removing stm32f7xx_hal_flash.o(i.FLASH_Program_DoubleWord), (44 bytes).
    Removing stm32f7xx_hal_flash.o(i.FLASH_Program_HalfWord), (40 bytes).
    Removing stm32f7xx_hal_flash.o(i.FLASH_Program_Word), (40 bytes).
    Removing stm32f7xx_hal_flash.o(i.FLASH_SetErrorCode), (88 bytes).
    Removing stm32f7xx_hal_flash.o(i.FLASH_WaitForLastOperation), (84 bytes).
    Removing stm32f7xx_hal_flash.o(i.HAL_FLASH_EndOfOperationCallback), (2 bytes).
    Removing stm32f7xx_hal_flash.o(i.HAL_FLASH_GetError), (12 bytes).
    Removing stm32f7xx_hal_flash.o(i.HAL_FLASH_IRQHandler), (248 bytes).
    Removing stm32f7xx_hal_flash.o(i.HAL_FLASH_Lock), (20 bytes).
    Removing stm32f7xx_hal_flash.o(i.HAL_FLASH_OB_Launch), (24 bytes).
    Removing stm32f7xx_hal_flash.o(i.HAL_FLASH_OB_Lock), (20 bytes).
    Removing stm32f7xx_hal_flash.o(i.HAL_FLASH_OB_Unlock), (40 bytes).
    Removing stm32f7xx_hal_flash.o(i.HAL_FLASH_OperationErrorCallback), (2 bytes).
    Removing stm32f7xx_hal_flash.o(i.HAL_FLASH_Program), (132 bytes).
    Removing stm32f7xx_hal_flash.o(i.HAL_FLASH_Program_IT), (132 bytes).
    Removing stm32f7xx_hal_flash.o(i.HAL_FLASH_Unlock), (48 bytes).
    Removing stm32f7xx_hal_flash.o(.bss), (28 bytes).
    Removing stm32f7xx_hal_flash_ex.o(.rev16_text), (4 bytes).
    Removing stm32f7xx_hal_flash_ex.o(.revsh_text), (4 bytes).
    Removing stm32f7xx_hal_flash_ex.o(.rrx_text), (6 bytes).
    Removing stm32f7xx_hal_flash_ex.o(i.FLASH_Erase_Sector), (92 bytes).
    Removing stm32f7xx_hal_flash_ex.o(i.FLASH_MassErase), (68 bytes).
    Removing stm32f7xx_hal_flash_ex.o(i.FLASH_OB_BootAddressConfig), (48 bytes).
    Removing stm32f7xx_hal_flash_ex.o(i.FLASH_OB_GetBootAddress), (20 bytes).
    Removing stm32f7xx_hal_flash_ex.o(i.HAL_FLASHEx_Erase), (144 bytes).
    Removing stm32f7xx_hal_flash_ex.o(i.HAL_FLASHEx_Erase_IT), (104 bytes).
    Removing stm32f7xx_hal_flash_ex.o(i.HAL_FLASHEx_OBGetConfig), (84 bytes).
    Removing stm32f7xx_hal_flash_ex.o(i.HAL_FLASHEx_OBProgram), (256 bytes).
    Removing stm32f7xx_hal_gpio.o(.rev16_text), (4 bytes).
    Removing stm32f7xx_hal_gpio.o(.revsh_text), (4 bytes).
    Removing stm32f7xx_hal_gpio.o(.rrx_text), (6 bytes).
    Removing stm32f7xx_hal_gpio.o(i.HAL_GPIO_DeInit), (388 bytes).
    Removing stm32f7xx_hal_gpio.o(i.HAL_GPIO_EXTI_Callback), (2 bytes).
    Removing stm32f7xx_hal_gpio.o(i.HAL_GPIO_EXTI_IRQHandler), (24 bytes).
    Removing stm32f7xx_hal_gpio.o(i.HAL_GPIO_LockPin), (34 bytes).
    Removing stm32f7xx_hal_gpio.o(i.HAL_GPIO_ReadPin), (10 bytes).
    Removing stm32f7xx_hal_gpio.o(i.HAL_GPIO_TogglePin), (14 bytes).
    Removing stm32f7xx_hal_gpio.o(i.HAL_GPIO_WritePin), (10 bytes).
    Removing stm32f7xx_hal_dma.o(.rev16_text), (4 bytes).
    Removing stm32f7xx_hal_dma.o(.revsh_text), (4 bytes).
    Removing stm32f7xx_hal_dma.o(.rrx_text), (6 bytes).
    Removing stm32f7xx_hal_dma.o(i.HAL_DMA_Abort), (146 bytes).
    Removing stm32f7xx_hal_dma.o(i.HAL_DMA_Abort_IT), (36 bytes).
    Removing stm32f7xx_hal_dma.o(i.HAL_DMA_DeInit), (98 bytes).
    Removing stm32f7xx_hal_dma.o(i.HAL_DMA_GetError), (4 bytes).
    Removing stm32f7xx_hal_dma.o(i.HAL_DMA_GetState), (6 bytes).
    Removing stm32f7xx_hal_dma.o(i.HAL_DMA_PollForTransfer), (292 bytes).
    Removing stm32f7xx_hal_dma.o(i.HAL_DMA_RegisterCallback), (80 bytes).
    Removing stm32f7xx_hal_dma.o(i.HAL_DMA_Start), (74 bytes).
    Removing stm32f7xx_hal_dma.o(i.HAL_DMA_UnRegisterCallback), (96 bytes).
    Removing stm32f7xx_hal_dma_ex.o(.rev16_text), (4 bytes).
    Removing stm32f7xx_hal_dma_ex.o(.revsh_text), (4 bytes).
    Removing stm32f7xx_hal_dma_ex.o(.rrx_text), (6 bytes).
    Removing stm32f7xx_hal_dma_ex.o(i.DMA_MultiBufferSetConfig), (30 bytes).
    Removing stm32f7xx_hal_dma_ex.o(i.HAL_DMAEx_ChangeMemory), (14 bytes).
    Removing stm32f7xx_hal_dma_ex.o(i.HAL_DMAEx_MultiBufferStart), (100 bytes).
    Removing stm32f7xx_hal_dma_ex.o(i.HAL_DMAEx_MultiBufferStart_IT), (2428 bytes).
    Removing stm32f7xx_hal_pwr.o(.rev16_text), (4 bytes).
    Removing stm32f7xx_hal_pwr.o(.revsh_text), (4 bytes).
    Removing stm32f7xx_hal_pwr.o(.rrx_text), (6 bytes).
    Removing stm32f7xx_hal_pwr.o(i.HAL_PWR_ConfigPVD), (124 bytes).
    Removing stm32f7xx_hal_pwr.o(i.HAL_PWR_DeInit), (24 bytes).
    Removing stm32f7xx_hal_pwr.o(i.HAL_PWR_DisableBkUpAccess), (16 bytes).
    Removing stm32f7xx_hal_pwr.o(i.HAL_PWR_DisablePVD), (16 bytes).
    Removing stm32f7xx_hal_pwr.o(i.HAL_PWR_DisableSEVOnPend), (16 bytes).
    Removing stm32f7xx_hal_pwr.o(i.HAL_PWR_DisableSleepOnExit), (16 bytes).
    Removing stm32f7xx_hal_pwr.o(i.HAL_PWR_DisableWakeUpPin), (16 bytes).
    Removing stm32f7xx_hal_pwr.o(i.HAL_PWR_EnableBkUpAccess), (16 bytes).
    Removing stm32f7xx_hal_pwr.o(i.HAL_PWR_EnablePVD), (16 bytes).
    Removing stm32f7xx_hal_pwr.o(i.HAL_PWR_EnableSEVOnPend), (16 bytes).
    Removing stm32f7xx_hal_pwr.o(i.HAL_PWR_EnableSleepOnExit), (16 bytes).
    Removing stm32f7xx_hal_pwr.o(i.HAL_PWR_EnableWakeUpPin), (28 bytes).
    Removing stm32f7xx_hal_pwr.o(i.HAL_PWR_EnterSLEEPMode), (40 bytes).
    Removing stm32f7xx_hal_pwr.o(i.HAL_PWR_EnterSTANDBYMode), (32 bytes).
    Removing stm32f7xx_hal_pwr.o(i.HAL_PWR_EnterSTOPMode), (64 bytes).
    Removing stm32f7xx_hal_pwr.o(i.HAL_PWR_PVDCallback), (2 bytes).
    Removing stm32f7xx_hal_pwr.o(i.HAL_PWR_PVD_IRQHandler), (28 bytes).
    Removing stm32f7xx_hal_pwr_ex.o(.rev16_text), (4 bytes).
    Removing stm32f7xx_hal_pwr_ex.o(.revsh_text), (4 bytes).
    Removing stm32f7xx_hal_pwr_ex.o(.rrx_text), (6 bytes).
    Removing stm32f7xx_hal_pwr_ex.o(i.HAL_PWREx_ControlVoltageScaling), (176 bytes).
    Removing stm32f7xx_hal_pwr_ex.o(i.HAL_PWREx_DisableBkUpReg), (64 bytes).
    Removing stm32f7xx_hal_pwr_ex.o(i.HAL_PWREx_DisableFlashPowerDown), (16 bytes).
    Removing stm32f7xx_hal_pwr_ex.o(i.HAL_PWREx_DisableLowRegulatorLowVoltage), (16 bytes).
    Removing stm32f7xx_hal_pwr_ex.o(i.HAL_PWREx_DisableMainRegulatorLowVoltage), (16 bytes).
    Removing stm32f7xx_hal_pwr_ex.o(i.HAL_PWREx_DisableOverDrive), (108 bytes).
    Removing stm32f7xx_hal_pwr_ex.o(i.HAL_PWREx_EnableBkUpReg), (64 bytes).
    Removing stm32f7xx_hal_pwr_ex.o(i.HAL_PWREx_EnableFlashPowerDown), (16 bytes).
    Removing stm32f7xx_hal_pwr_ex.o(i.HAL_PWREx_EnableLowRegulatorLowVoltage), (16 bytes).
    Removing stm32f7xx_hal_pwr_ex.o(i.HAL_PWREx_EnableMainRegulatorLowVoltage), (16 bytes).
    Removing stm32f7xx_hal_pwr_ex.o(i.HAL_PWREx_EnterUnderDriveSTOPMode), (144 bytes).
    Removing stm32f7xx_hal_pwr_ex.o(i.HAL_PWREx_GetVoltageRange), (16 bytes).
    Removing stm32f7xx_hal.o(.rev16_text), (4 bytes).
    Removing stm32f7xx_hal.o(.revsh_text), (4 bytes).
    Removing stm32f7xx_hal.o(.rrx_text), (6 bytes).
    Removing stm32f7xx_hal.o(i.HAL_DBGMCU_DisableDBGSleepMode), (16 bytes).
    Removing stm32f7xx_hal.o(i.HAL_DBGMCU_DisableDBGStandbyMode), (16 bytes).
    Removing stm32f7xx_hal.o(i.HAL_DBGMCU_DisableDBGStopMode), (16 bytes).
    Removing stm32f7xx_hal.o(i.HAL_DBGMCU_EnableDBGSleepMode), (16 bytes).
    Removing stm32f7xx_hal.o(i.HAL_DBGMCU_EnableDBGStandbyMode), (16 bytes).
    Removing stm32f7xx_hal.o(i.HAL_DBGMCU_EnableDBGStopMode), (16 bytes).
    Removing stm32f7xx_hal.o(i.HAL_DeInit), (52 bytes).
    Removing stm32f7xx_hal.o(i.HAL_DisableCompensationCell), (16 bytes).
    Removing stm32f7xx_hal.o(i.HAL_DisableFMCMemorySwapping), (16 bytes).
    Removing stm32f7xx_hal.o(i.HAL_DisableMemorySwappingBank), (16 bytes).
    Removing stm32f7xx_hal.o(i.HAL_EnableCompensationCell), (16 bytes).
    Removing stm32f7xx_hal.o(i.HAL_EnableFMCMemorySwapping), (16 bytes).
    Removing stm32f7xx_hal.o(i.HAL_EnableMemorySwappingBank), (16 bytes).
    Removing stm32f7xx_hal.o(i.HAL_GetDEVID), (16 bytes).
    Removing stm32f7xx_hal.o(i.HAL_GetHalVersion), (8 bytes).
    Removing stm32f7xx_hal.o(i.HAL_GetREVID), (12 bytes).
    Removing stm32f7xx_hal.o(i.HAL_GetTickFreq), (12 bytes).
    Removing stm32f7xx_hal.o(i.HAL_GetTickPrio), (12 bytes).
    Removing stm32f7xx_hal.o(i.HAL_GetUIDw0), (12 bytes).
    Removing stm32f7xx_hal.o(i.HAL_GetUIDw1), (12 bytes).
    Removing stm32f7xx_hal.o(i.HAL_GetUIDw2), (12 bytes).
    Removing stm32f7xx_hal.o(i.HAL_MspDeInit), (2 bytes).
    Removing stm32f7xx_hal.o(i.HAL_MspInit), (2 bytes).
    Removing stm32f7xx_hal.o(i.HAL_ResumeTick), (14 bytes).
    Removing stm32f7xx_hal.o(i.HAL_SetTickFreq), (32 bytes).
    Removing stm32f7xx_hal.o(i.HAL_SuspendTick), (14 bytes).
    Removing stm32f7xx_hal_i2c.o(.rev16_text), (4 bytes).
    Removing stm32f7xx_hal_i2c.o(.revsh_text), (4 bytes).
    Removing stm32f7xx_hal_i2c.o(.rrx_text), (6 bytes).
    Removing stm32f7xx_hal_i2c.o(i.HAL_I2C_AbortCpltCallback), (2 bytes).
    Removing stm32f7xx_hal_i2c.o(i.HAL_I2C_AddrCallback), (2 bytes).
    Removing stm32f7xx_hal_i2c.o(i.HAL_I2C_DeInit), (52 bytes).
    Removing stm32f7xx_hal_i2c.o(i.HAL_I2C_DisableListen_IT), (54 bytes).
    Removing stm32f7xx_hal_i2c.o(i.HAL_I2C_ER_IRQHandler), (104 bytes).
    Removing stm32f7xx_hal_i2c.o(i.HAL_I2C_EV_IRQHandler), (16 bytes).
    Removing stm32f7xx_hal_i2c.o(i.HAL_I2C_EnableListen_IT), (40 bytes).
    Removing stm32f7xx_hal_i2c.o(i.HAL_I2C_ErrorCallback), (2 bytes).
    Removing stm32f7xx_hal_i2c.o(i.HAL_I2C_GetError), (4 bytes).
    Removing stm32f7xx_hal_i2c.o(i.HAL_I2C_GetMode), (6 bytes).
    Removing stm32f7xx_hal_i2c.o(i.HAL_I2C_GetState), (6 bytes).
    Removing stm32f7xx_hal_i2c.o(i.HAL_I2C_Init), (184 bytes).
    Removing stm32f7xx_hal_i2c.o(i.HAL_I2C_IsDeviceReady), (304 bytes).
    Removing stm32f7xx_hal_i2c.o(i.HAL_I2C_ListenCpltCallback), (2 bytes).
    Removing stm32f7xx_hal_i2c.o(i.HAL_I2C_MasterRxCpltCallback), (2 bytes).
    Removing stm32f7xx_hal_i2c.o(i.HAL_I2C_MasterTxCpltCallback), (2 bytes).
    Removing stm32f7xx_hal_i2c.o(i.HAL_I2C_Master_Abort_IT), (96 bytes).
    Removing stm32f7xx_hal_i2c.o(i.HAL_I2C_Master_Receive), (292 bytes).
    Removing stm32f7xx_hal_i2c.o(i.HAL_I2C_Master_Receive_DMA), (300 bytes).
    Removing stm32f7xx_hal_i2c.o(i.HAL_I2C_Master_Receive_IT), (132 bytes).
    Removing stm32f7xx_hal_i2c.o(i.HAL_I2C_Master_Seq_Receive_DMA), (324 bytes).
    Removing stm32f7xx_hal_i2c.o(i.HAL_I2C_Master_Seq_Receive_IT), (160 bytes).
    Removing stm32f7xx_hal_i2c.o(i.HAL_I2C_Master_Seq_Transmit_DMA), (324 bytes).
    Removing stm32f7xx_hal_i2c.o(i.HAL_I2C_Master_Seq_Transmit_IT), (160 bytes).
    Removing stm32f7xx_hal_i2c.o(i.HAL_I2C_Master_Transmit), (292 bytes).
    Removing stm32f7xx_hal_i2c.o(i.HAL_I2C_Master_Transmit_DMA), (308 bytes).
    Removing stm32f7xx_hal_i2c.o(i.HAL_I2C_Master_Transmit_IT), (132 bytes).
    Removing stm32f7xx_hal_i2c.o(i.HAL_I2C_MemRxCpltCallback), (2 bytes).
    Removing stm32f7xx_hal_i2c.o(i.HAL_I2C_MemTxCpltCallback), (2 bytes).
    Removing stm32f7xx_hal_i2c.o(i.HAL_I2C_Mem_Read), (356 bytes).
    Removing stm32f7xx_hal_i2c.o(i.HAL_I2C_Mem_Read_DMA), (304 bytes).
    Removing stm32f7xx_hal_i2c.o(i.HAL_I2C_Mem_Read_IT), (196 bytes).
    Removing stm32f7xx_hal_i2c.o(i.HAL_I2C_Mem_Write), (344 bytes).
    Removing stm32f7xx_hal_i2c.o(i.HAL_I2C_Mem_Write_DMA), (296 bytes).
    Removing stm32f7xx_hal_i2c.o(i.HAL_I2C_Mem_Write_IT), (188 bytes).
    Removing stm32f7xx_hal_i2c.o(i.HAL_I2C_MspDeInit), (2 bytes).
    Removing stm32f7xx_hal_i2c.o(i.HAL_I2C_MspInit), (2 bytes).
    Removing stm32f7xx_hal_i2c.o(i.HAL_I2C_SlaveRxCpltCallback), (2 bytes).
    Removing stm32f7xx_hal_i2c.o(i.HAL_I2C_SlaveTxCpltCallback), (2 bytes).
    Removing stm32f7xx_hal_i2c.o(i.HAL_I2C_Slave_Receive), (296 bytes).
    Removing stm32f7xx_hal_i2c.o(i.HAL_I2C_Slave_Receive_DMA), (228 bytes).
    Removing stm32f7xx_hal_i2c.o(i.HAL_I2C_Slave_Receive_IT), (92 bytes).
    Removing stm32f7xx_hal_i2c.o(i.HAL_I2C_Slave_Seq_Receive_DMA), (356 bytes).
    Removing stm32f7xx_hal_i2c.o(i.HAL_I2C_Slave_Seq_Receive_IT), (196 bytes).
    Removing stm32f7xx_hal_i2c.o(i.HAL_I2C_Slave_Seq_Transmit_DMA), (356 bytes).
    Removing stm32f7xx_hal_i2c.o(i.HAL_I2C_Slave_Seq_Transmit_IT), (196 bytes).
    Removing stm32f7xx_hal_i2c.o(i.HAL_I2C_Slave_Transmit), (304 bytes).
    Removing stm32f7xx_hal_i2c.o(i.HAL_I2C_Slave_Transmit_DMA), (220 bytes).
    Removing stm32f7xx_hal_i2c.o(i.HAL_I2C_Slave_Transmit_IT), (92 bytes).
    Removing stm32f7xx_hal_i2c.o(i.I2C_ConvertOtherXferOptions), (26 bytes).
    Removing stm32f7xx_hal_i2c.o(i.I2C_DMAAbort), (40 bytes).
    Removing stm32f7xx_hal_i2c.o(i.I2C_DMAError), (66 bytes).
    Removing stm32f7xx_hal_i2c.o(i.I2C_DMAMasterReceiveCplt), (78 bytes).
    Removing stm32f7xx_hal_i2c.o(i.I2C_DMAMasterTransmitCplt), (78 bytes).
    Removing stm32f7xx_hal_i2c.o(i.I2C_DMASlaveReceiveCplt), (36 bytes).
    Removing stm32f7xx_hal_i2c.o(i.I2C_DMASlaveTransmitCplt), (30 bytes).
    Removing stm32f7xx_hal_i2c.o(i.I2C_Disable_IRQ), (86 bytes).
    Removing stm32f7xx_hal_i2c.o(i.I2C_Enable_IRQ), (92 bytes).
    Removing stm32f7xx_hal_i2c.o(i.I2C_Flush_TXDR), (34 bytes).
    Removing stm32f7xx_hal_i2c.o(i.I2C_ITAddrCplt), (136 bytes).
    Removing stm32f7xx_hal_i2c.o(i.I2C_ITError), (224 bytes).
    Removing stm32f7xx_hal_i2c.o(i.I2C_ITListenCplt), (100 bytes).
    Removing stm32f7xx_hal_i2c.o(i.I2C_ITMasterCplt), (188 bytes).
    Removing stm32f7xx_hal_i2c.o(i.I2C_ITMasterSeqCplt), (80 bytes).
    Removing stm32f7xx_hal_i2c.o(i.I2C_ITSlaveCplt), (240 bytes).
    Removing stm32f7xx_hal_i2c.o(i.I2C_ITSlaveSeqCplt), (84 bytes).
    Removing stm32f7xx_hal_i2c.o(i.I2C_IsAcknowledgeFailed), (136 bytes).
    Removing stm32f7xx_hal_i2c.o(i.I2C_Master_ISR_DMA), (272 bytes).
    Removing stm32f7xx_hal_i2c.o(i.I2C_Master_ISR_IT), (296 bytes).
    Removing stm32f7xx_hal_i2c.o(i.I2C_RequestMemoryRead), (100 bytes).
    Removing stm32f7xx_hal_i2c.o(i.I2C_RequestMemoryWrite), (100 bytes).
    Removing stm32f7xx_hal_i2c.o(i.I2C_Slave_ISR_DMA), (222 bytes).
    Removing stm32f7xx_hal_i2c.o(i.I2C_Slave_ISR_IT), (292 bytes).
    Removing stm32f7xx_hal_i2c.o(i.I2C_TransferConfig), (44 bytes).
    Removing stm32f7xx_hal_i2c.o(i.I2C_WaitOnFlagUntilTimeout), (90 bytes).
    Removing stm32f7xx_hal_i2c.o(i.I2C_WaitOnRXNEFlagUntilTimeout), (136 bytes).
    Removing stm32f7xx_hal_i2c.o(i.I2C_WaitOnSTOPFlagUntilTimeout), (78 bytes).
    Removing stm32f7xx_hal_i2c.o(i.I2C_WaitOnTXISFlagUntilTimeout), (82 bytes).
    Removing stm32f7xx_hal_i2c_ex.o(.rev16_text), (4 bytes).
    Removing stm32f7xx_hal_i2c_ex.o(.revsh_text), (4 bytes).
    Removing stm32f7xx_hal_i2c_ex.o(.rrx_text), (6 bytes).
    Removing stm32f7xx_hal_i2c_ex.o(i.HAL_I2CEx_ConfigAnalogFilter), (88 bytes).
    Removing stm32f7xx_hal_i2c_ex.o(i.HAL_I2CEx_ConfigDigitalFilter), (84 bytes).
    Removing stm32f7xx_hal_i2c_ex.o(i.HAL_I2CEx_DisableFastModePlus), (40 bytes).
    Removing stm32f7xx_hal_i2c_ex.o(i.HAL_I2CEx_EnableFastModePlus), (40 bytes).
    Removing stm32f7xx_hal_exti.o(.rev16_text), (4 bytes).
    Removing stm32f7xx_hal_exti.o(.revsh_text), (4 bytes).
    Removing stm32f7xx_hal_exti.o(.rrx_text), (6 bytes).
    Removing stm32f7xx_hal_exti.o(i.HAL_EXTI_ClearConfigLine), (56 bytes).
    Removing stm32f7xx_hal_exti.o(i.HAL_EXTI_ClearPending), (12 bytes).
    Removing stm32f7xx_hal_exti.o(i.HAL_EXTI_GenerateSWI), (12 bytes).
    Removing stm32f7xx_hal_exti.o(i.HAL_EXTI_GetConfigLine), (104 bytes).
    Removing stm32f7xx_hal_exti.o(i.HAL_EXTI_GetHandle), (12 bytes).
    Removing stm32f7xx_hal_exti.o(i.HAL_EXTI_GetPending), (24 bytes).
    Removing stm32f7xx_hal_exti.o(i.HAL_EXTI_IRQHandler), (28 bytes).
    Removing stm32f7xx_hal_exti.o(i.HAL_EXTI_RegisterCallback), (16 bytes).
    Removing stm32f7xx_hal_exti.o(i.HAL_EXTI_SetConfigLine), (108 bytes).
    Removing system_stm32f7xx.o(.rev16_text), (4 bytes).
    Removing system_stm32f7xx.o(.revsh_text), (4 bytes).
    Removing system_stm32f7xx.o(.rrx_text), (6 bytes).
    Removing system_stm32f7xx.o(i.SystemCoreClockUpdate), (132 bytes).
    Removing system_stm32f7xx.o(.constdata), (8 bytes).
    Removing ws2812b.o(.rev16_text), (4 bytes).
    Removing ws2812b.o(.revsh_text), (4 bytes).
    Removing ws2812b.o(.rrx_text), (6 bytes).
    Removing ws2812b.o(i._ZN5WSLED10led_updateEh), (50 bytes).
    Removing ws2812b.o(i._ZN5WSLED13led_set_colorEjhhh), (28 bytes).
    Removing ws2812b.o(i._ZN5WSLED21led_set_color_all_rgbEj), (38 bytes).
    Removing ws2812b.o(i._ZN5WSLED21led_start_reset_pulseEh), (64 bytes).
    Removing ws2812b.o(i._ZN5WSLED22led_is_update_finishedEv), (18 bytes).
    Removing ws2812b.o(.ARM.exidx), (8 bytes).
    Removing ws2812b.o(.ARM.exidx), (8 bytes).
    Removing ws2812b.o(.ARM.exidx), (8 bytes).
    Removing ws2812b.o(.ARM.exidx), (8 bytes).
    Removing ws2812b.o(.ARM.exidx), (8 bytes).
    Removing ws2812b.o(.ARM.exidx), (8 bytes).
    Removing ws2812b.o(.ARM.exidx), (8 bytes).
    Removing ws2812b.o(.ARM.exidx), (8 bytes).
    Removing ws2812b.o(.ARM.exidx), (8 bytes).
    Removing ws2812b.o(.ARM.exidx), (8 bytes).
    Removing ws2812b.o(.ARM.exidx), (8 bytes).

459 unused section(s) (total 34460 bytes) removed from the image.

==============================================================================

Image Symbol Table

    Local Symbols

    Symbol Name                              Value     Ov Type        Size  Object(Section)

    ../Drivers/STM32F7xx_HAL_Driver/Src/stm32f7xx_hal.c 0x00000000   Number         0  stm32f7xx_hal.o ABSOLUTE
    ../Drivers/STM32F7xx_HAL_Driver/Src/stm32f7xx_hal_cortex.c 0x00000000   Number         0  stm32f7xx_hal_cortex.o ABSOLUTE
    ../Drivers/STM32F7xx_HAL_Driver/Src/stm32f7xx_hal_dma.c 0x00000000   Number         0  stm32f7xx_hal_dma.o ABSOLUTE
    ../Drivers/STM32F7xx_HAL_Driver/Src/stm32f7xx_hal_dma_ex.c 0x00000000   Number         0  stm32f7xx_hal_dma_ex.o ABSOLUTE
    ../Drivers/STM32F7xx_HAL_Driver/Src/stm32f7xx_hal_exti.c 0x00000000   Number         0  stm32f7xx_hal_exti.o ABSOLUTE
    ../Drivers/STM32F7xx_HAL_Driver/Src/stm32f7xx_hal_flash.c 0x00000000   Number         0  stm32f7xx_hal_flash.o ABSOLUTE
    ../Drivers/STM32F7xx_HAL_Driver/Src/stm32f7xx_hal_flash_ex.c 0x00000000   Number         0  stm32f7xx_hal_flash_ex.o ABSOLUTE
    ../Drivers/STM32F7xx_HAL_Driver/Src/stm32f7xx_hal_gpio.c 0x00000000   Number         0  stm32f7xx_hal_gpio.o ABSOLUTE
    ../Drivers/STM32F7xx_HAL_Driver/Src/stm32f7xx_hal_i2c.c 0x00000000   Number         0  stm32f7xx_hal_i2c.o ABSOLUTE
    ../Drivers/STM32F7xx_HAL_Driver/Src/stm32f7xx_hal_i2c_ex.c 0x00000000   Number         0  stm32f7xx_hal_i2c_ex.o ABSOLUTE
    ../Drivers/STM32F7xx_HAL_Driver/Src/stm32f7xx_hal_pwr.c 0x00000000   Number         0  stm32f7xx_hal_pwr.o ABSOLUTE
    ../Drivers/STM32F7xx_HAL_Driver/Src/stm32f7xx_hal_pwr_ex.c 0x00000000   Number         0  stm32f7xx_hal_pwr_ex.o ABSOLUTE
    ../Drivers/STM32F7xx_HAL_Driver/Src/stm32f7xx_hal_rcc.c 0x00000000   Number         0  stm32f7xx_hal_rcc.o ABSOLUTE
    ../Drivers/STM32F7xx_HAL_Driver/Src/stm32f7xx_hal_rcc_ex.c 0x00000000   Number         0  stm32f7xx_hal_rcc_ex.o ABSOLUTE
    ../Drivers/STM32F7xx_HAL_Driver/Src/stm32f7xx_hal_tim.c 0x00000000   Number         0  stm32f7xx_hal_tim.o ABSOLUTE
    ../Drivers/STM32F7xx_HAL_Driver/Src/stm32f7xx_hal_tim_ex.c 0x00000000   Number         0  stm32f7xx_hal_tim_ex.o ABSOLUTE
    ../Src/dma.c                             0x00000000   Number         0  dma.o ABSOLUTE
    ../Src/gpio.c                            0x00000000   Number         0  gpio.o ABSOLUTE
    ../Src/stm32f7xx_hal_msp.c               0x00000000   Number         0  stm32f7xx_hal_msp.o ABSOLUTE
    ../Src/stm32f7xx_it.c                    0x00000000   Number         0  stm32f7xx_it.o ABSOLUTE
    ../Src/system_stm32f7xx.c                0x00000000   Number         0  system_stm32f7xx.o ABSOLUTE
    ../Src/tim.c                             0x00000000   Number         0  tim.o ABSOLUTE
    ../clib/microlib/cpp/cpp_init.c          0x00000000   Number         0  cpp_init.o ABSOLUTE
    ../clib/microlib/cpp/cpp_init.c          0x00000000   Number         0  cpp_init.o ABSOLUTE
    ../clib/microlib/division.c              0x00000000   Number         0  uldiv.o ABSOLUTE
    ../clib/microlib/init/entry.s            0x00000000   Number         0  entry11b.o ABSOLUTE
    ../clib/microlib/init/entry.s            0x00000000   Number         0  entry8a.o ABSOLUTE
    ../clib/microlib/init/entry.s            0x00000000   Number         0  entry9b.o ABSOLUTE
    ../clib/microlib/init/entry.s            0x00000000   Number         0  entry7b.o ABSOLUTE
    ../clib/microlib/init/entry.s            0x00000000   Number         0  entry8b.o ABSOLUTE
    ../clib/microlib/init/entry.s            0x00000000   Number         0  entry10a.o ABSOLUTE
    ../clib/microlib/init/entry.s            0x00000000   Number         0  entry7a.o ABSOLUTE
    ../clib/microlib/init/entry.s            0x00000000   Number         0  entry10b.o ABSOLUTE
    ../clib/microlib/init/entry.s            0x00000000   Number         0  entry5.o ABSOLUTE
    ../clib/microlib/init/entry.s            0x00000000   Number         0  entry2.o ABSOLUTE
    ../clib/microlib/init/entry.s            0x00000000   Number         0  entry9a.o ABSOLUTE
    ../clib/microlib/init/entry.s            0x00000000   Number         0  entry11a.o ABSOLUTE
    ../clib/microlib/init/entry.s            0x00000000   Number         0  entry.o ABSOLUTE
    ../clib/microlib/longlong.c              0x00000000   Number         0  llshl.o ABSOLUTE
    ../clib/microlib/longlong.c              0x00000000   Number         0  llushr.o ABSOLUTE
    ../clib/microlib/string/memset.c         0x00000000   Number         0  memseta.o ABSOLUTE
    ..\Drivers\STM32F7xx_HAL_Driver\Src\stm32f7xx_hal.c 0x00000000   Number         0  stm32f7xx_hal.o ABSOLUTE
    ..\Drivers\STM32F7xx_HAL_Driver\Src\stm32f7xx_hal_cortex.c 0x00000000   Number         0  stm32f7xx_hal_cortex.o ABSOLUTE
    ..\Drivers\STM32F7xx_HAL_Driver\Src\stm32f7xx_hal_dma.c 0x00000000   Number         0  stm32f7xx_hal_dma.o ABSOLUTE
    ..\Drivers\STM32F7xx_HAL_Driver\Src\stm32f7xx_hal_dma_ex.c 0x00000000   Number         0  stm32f7xx_hal_dma_ex.o ABSOLUTE
    ..\Drivers\STM32F7xx_HAL_Driver\Src\stm32f7xx_hal_exti.c 0x00000000   Number         0  stm32f7xx_hal_exti.o ABSOLUTE
    ..\Drivers\STM32F7xx_HAL_Driver\Src\stm32f7xx_hal_flash.c 0x00000000   Number         0  stm32f7xx_hal_flash.o ABSOLUTE
    ..\Drivers\STM32F7xx_HAL_Driver\Src\stm32f7xx_hal_flash_ex.c 0x00000000   Number         0  stm32f7xx_hal_flash_ex.o ABSOLUTE
    ..\Drivers\STM32F7xx_HAL_Driver\Src\stm32f7xx_hal_gpio.c 0x00000000   Number         0  stm32f7xx_hal_gpio.o ABSOLUTE
    ..\Drivers\STM32F7xx_HAL_Driver\Src\stm32f7xx_hal_i2c.c 0x00000000   Number         0  stm32f7xx_hal_i2c.o ABSOLUTE
    ..\Drivers\STM32F7xx_HAL_Driver\Src\stm32f7xx_hal_i2c_ex.c 0x00000000   Number         0  stm32f7xx_hal_i2c_ex.o ABSOLUTE
    ..\Drivers\STM32F7xx_HAL_Driver\Src\stm32f7xx_hal_pwr.c 0x00000000   Number         0  stm32f7xx_hal_pwr.o ABSOLUTE
    ..\Drivers\STM32F7xx_HAL_Driver\Src\stm32f7xx_hal_pwr_ex.c 0x00000000   Number         0  stm32f7xx_hal_pwr_ex.o ABSOLUTE
    ..\Drivers\STM32F7xx_HAL_Driver\Src\stm32f7xx_hal_rcc.c 0x00000000   Number         0  stm32f7xx_hal_rcc.o ABSOLUTE
    ..\Drivers\STM32F7xx_HAL_Driver\Src\stm32f7xx_hal_rcc_ex.c 0x00000000   Number         0  stm32f7xx_hal_rcc_ex.o ABSOLUTE
    ..\Drivers\STM32F7xx_HAL_Driver\Src\stm32f7xx_hal_tim.c 0x00000000   Number         0  stm32f7xx_hal_tim.o ABSOLUTE
    ..\Drivers\STM32F7xx_HAL_Driver\Src\stm32f7xx_hal_tim_ex.c 0x00000000   Number         0  stm32f7xx_hal_tim_ex.o ABSOLUTE
    ..\Src\WS2812B\ws2812b.cpp               0x00000000   Number         0  ws2812b.o ABSOLUTE
    ..\Src\dma.c                             0x00000000   Number         0  dma.o ABSOLUTE
    ..\Src\gpio.c                            0x00000000   Number         0  gpio.o ABSOLUTE
    ..\Src\main.cpp                          0x00000000   Number         0  main_1.o ABSOLUTE
    ..\Src\stm32f7xx_hal_msp.c               0x00000000   Number         0  stm32f7xx_hal_msp.o ABSOLUTE
    ..\Src\stm32f7xx_it.c                    0x00000000   Number         0  stm32f7xx_it.o ABSOLUTE
    ..\Src\system_stm32f7xx.c                0x00000000   Number         0  system_stm32f7xx.o ABSOLUTE
    ..\Src\tim.c                             0x00000000   Number         0  tim.o ABSOLUTE
    ..\\Src\\WS2812B\\ws2812b.cpp            0x00000000   Number         0  ws2812b.o ABSOLUTE
    ..\\Src\\main.cpp                        0x00000000   Number         0  main_1.o ABSOLUTE
    dc.s                                     0x00000000   Number         0  dc.o ABSOLUTE
    handlers.s                               0x00000000   Number         0  handlers.o ABSOLUTE
    init.s                                   0x00000000   Number         0  init.o ABSOLUTE
    startup_stm32f767xx.s                    0x00000000   Number         0  startup_stm32f767xx.o ABSOLUTE
    RESET                                    0x08000000   Section      504  startup_stm32f767xx.o(RESET)
    .ARM.Collect$$$$00000000                 0x080001f8   Section        0  entry.o(.ARM.Collect$$$$00000000)
    .ARM.Collect$$$$00000001                 0x080001f8   Section        4  entry2.o(.ARM.Collect$$$$00000001)
    .ARM.Collect$$$$00000004                 0x080001fc   Section        4  entry5.o(.ARM.Collect$$$$00000004)
    .ARM.Collect$$$$00000008                 0x08000200   Section        0  entry7b.o(.ARM.Collect$$$$00000008)
    .ARM.Collect$$$$00000009                 0x08000200   Section        4  entry8a.o(.ARM.Collect$$$$00000009)
    .ARM.Collect$$$$0000000A                 0x08000204   Section        0  entry8b.o(.ARM.Collect$$$$0000000A)
    .ARM.Collect$$$$0000000B                 0x08000204   Section        8  entry9a.o(.ARM.Collect$$$$0000000B)
    .ARM.Collect$$$$0000000D                 0x0800020c   Section        0  entry10a.o(.ARM.Collect$$$$0000000D)
    .ARM.Collect$$$$0000000F                 0x0800020c   Section        0  entry11a.o(.ARM.Collect$$$$0000000F)
    .ARM.Collect$$$$00002712                 0x0800020c   Section        4  entry2.o(.ARM.Collect$$$$00002712)
    __lit__00000000                          0x0800020c   Data           4  entry2.o(.ARM.Collect$$$$00002712)
    .text                                    0x08000210   Section       36  startup_stm32f767xx.o(.text)
    $v0                                      0x08000210   Number         0  startup_stm32f767xx.o(.text)
    .text                                    0x08000234   Section        0  uldiv.o(.text)
    .text                                    0x08000296   Section        0  memseta.o(.text)
    .text                                    0x080002bc   Section        0  cpp_init.o(.text)
    .text                                    0x080002dc   Section        0  llshl.o(.text)
    .text                                    0x080002fa   Section        0  llushr.o(.text)
    .text                                    0x0800031c   Section       36  init.o(.text)
    i.BusFault_Handler                       0x08000340   Section        0  stm32f7xx_it.o(i.BusFault_Handler)
    i.DMA2_Stream1_IRQHandler                0x08000344   Section        0  stm32f7xx_it.o(i.DMA2_Stream1_IRQHandler)
    i.DMA_CalcBaseAndBitshift                0x08000350   Section        0  stm32f7xx_hal_dma.o(i.DMA_CalcBaseAndBitshift)
    DMA_CalcBaseAndBitshift                  0x08000351   Thumb Code    34  stm32f7xx_hal_dma.o(i.DMA_CalcBaseAndBitshift)
    i.DMA_CheckFifoParam                     0x08000378   Section        0  stm32f7xx_hal_dma.o(i.DMA_CheckFifoParam)
    DMA_CheckFifoParam                       0x08000379   Thumb Code    84  stm32f7xx_hal_dma.o(i.DMA_CheckFifoParam)
    i.DMA_SetConfig                          0x080003cc   Section        0  stm32f7xx_hal_dma.o(i.DMA_SetConfig)
    DMA_SetConfig                            0x080003cd   Thumb Code    40  stm32f7xx_hal_dma.o(i.DMA_SetConfig)
    i.DebugMon_Handler                       0x080003f4   Section        0  stm32f7xx_it.o(i.DebugMon_Handler)
    i.Error_Handler                          0x080003f6   Section        0  main_1.o(i.Error_Handler)
    i.HAL_DMA_IRQHandler                     0x080003f8   Section        0  stm32f7xx_hal_dma.o(i.HAL_DMA_IRQHandler)
    i.HAL_DMA_Init                           0x08000598   Section        0  stm32f7xx_hal_dma.o(i.HAL_DMA_Init)
    i.HAL_DMA_Start_IT                       0x0800067c   Section        0  stm32f7xx_hal_dma.o(i.HAL_DMA_Start_IT)
    i.HAL_Delay                              0x080006f8   Section        0  stm32f7xx_hal.o(i.HAL_Delay)
    i.HAL_GPIO_Init                          0x0800071c   Section        0  stm32f7xx_hal_gpio.o(i.HAL_GPIO_Init)
    i.HAL_GetTick                            0x080008f4   Section        0  stm32f7xx_hal.o(i.HAL_GetTick)
    i.HAL_IncTick                            0x08000900   Section        0  stm32f7xx_hal.o(i.HAL_IncTick)
    i.HAL_Init                               0x08000910   Section        0  stm32f7xx_hal.o(i.HAL_Init)
    i.HAL_InitTick                           0x08000928   Section        0  stm32f7xx_hal.o(i.HAL_InitTick)
    i.HAL_MspInit                            0x08000968   Section        0  stm32f7xx_hal_msp.o(i.HAL_MspInit)
    i.HAL_NVIC_EnableIRQ                     0x08000998   Section        0  stm32f7xx_hal_cortex.o(i.HAL_NVIC_EnableIRQ)
    i.HAL_NVIC_SetPriority                   0x080009b4   Section        0  stm32f7xx_hal_cortex.o(i.HAL_NVIC_SetPriority)
    i.HAL_NVIC_SetPriorityGrouping           0x080009f4   Section        0  stm32f7xx_hal_cortex.o(i.HAL_NVIC_SetPriorityGrouping)
    i.HAL_PWREx_EnableOverDrive              0x08000a18   Section        0  stm32f7xx_hal_pwr_ex.o(i.HAL_PWREx_EnableOverDrive)
    i.HAL_RCC_ClockConfig                    0x08000a84   Section        0  stm32f7xx_hal_rcc.o(i.HAL_RCC_ClockConfig)
    i.HAL_RCC_GetSysClockFreq                0x08000bb0   Section        0  stm32f7xx_hal_rcc.o(i.HAL_RCC_GetSysClockFreq)
    i.HAL_RCC_OscConfig                      0x08000c14   Section        0  stm32f7xx_hal_rcc.o(i.HAL_RCC_OscConfig)
    i.HAL_SYSTICK_Config                     0x08000f50   Section        0  stm32f7xx_hal_cortex.o(i.HAL_SYSTICK_Config)
    i.HAL_TIMEx_ConfigBreakDeadTime          0x08000f78   Section        0  stm32f7xx_hal_tim_ex.o(i.HAL_TIMEx_ConfigBreakDeadTime)
    i.HAL_TIMEx_MasterConfigSynchronization  0x08001018   Section        0  stm32f7xx_hal_tim_ex.o(i.HAL_TIMEx_MasterConfigSynchronization)
    i.HAL_TIM_ErrorCallback                  0x08001078   Section        0  stm32f7xx_hal_tim.o(i.HAL_TIM_ErrorCallback)
    i.HAL_TIM_MspPostInit                    0x0800107c   Section        0  tim.o(i.HAL_TIM_MspPostInit)
    i.HAL_TIM_PWM_ConfigChannel              0x080010d0   Section        0  stm32f7xx_hal_tim.o(i.HAL_TIM_PWM_ConfigChannel)
    i.HAL_TIM_PWM_Init                       0x080011f8   Section        0  stm32f7xx_hal_tim.o(i.HAL_TIM_PWM_Init)
    i.HAL_TIM_PWM_MspInit                    0x08001230   Section        0  tim.o(i.HAL_TIM_PWM_MspInit)
    i.HAL_TIM_PWM_PulseFinishedCallback      0x080012a4   Section        0  stm32f7xx_hal_tim.o(i.HAL_TIM_PWM_PulseFinishedCallback)
    i.HAL_TIM_PWM_PulseFinishedHalfCpltCallback 0x080012a6   Section        0  stm32f7xx_hal_tim.o(i.HAL_TIM_PWM_PulseFinishedHalfCpltCallback)
    i.HAL_TIM_PWM_Start_DMA                  0x080012a8   Section        0  stm32f7xx_hal_tim.o(i.HAL_TIM_PWM_Start_DMA)
    i.HardFault_Handler                      0x080013d4   Section        0  stm32f7xx_it.o(i.HardFault_Handler)
    i.MX_DMA_Init                            0x080013d8   Section        0  dma.o(i.MX_DMA_Init)
    i.MX_GPIO_Init                           0x08001404   Section        0  gpio.o(i.MX_GPIO_Init)
    i.MX_TIM1_Init                           0x08001420   Section        0  tim.o(i.MX_TIM1_Init)
    i.MemManage_Handler                      0x080014cc   Section        0  stm32f7xx_it.o(i.MemManage_Handler)
    i.NMI_Handler                            0x080014ce   Section        0  stm32f7xx_it.o(i.NMI_Handler)
    i.PendSV_Handler                         0x080014d0   Section        0  stm32f7xx_it.o(i.PendSV_Handler)
    i.SVC_Handler                            0x080014d2   Section        0  stm32f7xx_it.o(i.SVC_Handler)
    i.SysTick_Handler                        0x080014d4   Section        0  stm32f7xx_it.o(i.SysTick_Handler)
    i.SystemInit                             0x080014d8   Section        0  system_stm32f7xx.o(i.SystemInit)
    i.TIM_Base_SetConfig                     0x0800152c   Section        0  stm32f7xx_hal_tim.o(i.TIM_Base_SetConfig)
    i.TIM_CCxChannelCmd                      0x080015f8   Section        0  stm32f7xx_hal_tim.o(i.TIM_CCxChannelCmd)
    i.TIM_DMADelayPulseCplt                  0x08001612   Section        0  stm32f7xx_hal_tim.o(i.TIM_DMADelayPulseCplt)
    i.TIM_DMADelayPulseHalfCplt              0x08001650   Section        0  stm32f7xx_hal_tim.o(i.TIM_DMADelayPulseHalfCplt)
    i.TIM_DMAError                           0x0800168e   Section        0  stm32f7xx_hal_tim.o(i.TIM_DMAError)
    i.TIM_OC1_SetConfig                      0x080016a0   Section        0  stm32f7xx_hal_tim.o(i.TIM_OC1_SetConfig)
    TIM_OC1_SetConfig                        0x080016a1   Thumb Code   102  stm32f7xx_hal_tim.o(i.TIM_OC1_SetConfig)
    i.TIM_OC2_SetConfig                      0x08001714   Section        0  stm32f7xx_hal_tim.o(i.TIM_OC2_SetConfig)
    i.TIM_OC3_SetConfig                      0x0800178c   Section        0  stm32f7xx_hal_tim.o(i.TIM_OC3_SetConfig)
    TIM_OC3_SetConfig                        0x0800178d   Thumb Code   108  stm32f7xx_hal_tim.o(i.TIM_OC3_SetConfig)
    i.TIM_OC4_SetConfig                      0x08001804   Section        0  stm32f7xx_hal_tim.o(i.TIM_OC4_SetConfig)
    TIM_OC4_SetConfig                        0x08001805   Thumb Code    76  stm32f7xx_hal_tim.o(i.TIM_OC4_SetConfig)
    i.TIM_OC5_SetConfig                      0x0800185c   Section        0  stm32f7xx_hal_tim.o(i.TIM_OC5_SetConfig)
    TIM_OC5_SetConfig                        0x0800185d   Thumb Code    74  stm32f7xx_hal_tim.o(i.TIM_OC5_SetConfig)
    i.TIM_OC6_SetConfig                      0x080018b4   Section        0  stm32f7xx_hal_tim.o(i.TIM_OC6_SetConfig)
    TIM_OC6_SetConfig                        0x080018b5   Thumb Code    74  stm32f7xx_hal_tim.o(i.TIM_OC6_SetConfig)
    i.UsageFault_Handler                     0x0800190c   Section        0  stm32f7xx_it.o(i.UsageFault_Handler)
    i._Z15rainbowGradientv                   0x08001910   Section        0  main_1.o(i._Z15rainbowGradientv)
    i._Z18SystemClock_Configv                0x08001960   Section        0  main_1.o(i._Z18SystemClock_Configv)
    i._Z5Wheelh                              0x080019e8   Section        0  main_1.o(i._Z5Wheelh)
    i._ZN5WSLED11led_displayEv               0x08001a30   Section        0  ws2812b.o(i._ZN5WSLED11led_displayEv)
    i._ZN5WSLED17led_set_color_allEhhh       0x08001a68   Section        0  ws2812b.o(i._ZN5WSLED17led_set_color_allEhhh)
    i._ZN5WSLED17led_set_color_rgbEjj        0x08001a82   Section        0  ws2812b.o(i._ZN5WSLED17led_set_color_rgbEjj)
    i._ZN5WSLED21led_fill_led_pwm_dataEj     0x08001aa2   Section        0  ws2812b.o(i._ZN5WSLED21led_fill_led_pwm_dataEj)
    i._ZN5WSLED8led_initEv                   0x08001b00   Section        0  ws2812b.o(i._ZN5WSLED8led_initEv)
    i._ZN5WSLEDC1Ev                          0x08001b14   Section        0  ws2812b.o(i._ZN5WSLEDC1Ev)
    i.__NVIC_SetPriority                     0x08001b2c   Section        0  stm32f7xx_hal_cortex.o(i.__NVIC_SetPriority)
    __NVIC_SetPriority                       0x08001b2d   Thumb Code    34  stm32f7xx_hal_cortex.o(i.__NVIC_SetPriority)
    i.__scatterload_copy                     0x08001b4e   Section       14  handlers.o(i.__scatterload_copy)
    i.__scatterload_null                     0x08001b5c   Section        2  handlers.o(i.__scatterload_null)
    i.__scatterload_zeroinit                 0x08001b5e   Section       14  handlers.o(i.__scatterload_zeroinit)
    i.__sti___8_main_cpp_wsled               0x08001b6c   Section        0  main_1.o(i.__sti___8_main_cpp_wsled)
    __sti___8_main_cpp_wsled                 0x08001b6d   Thumb Code     6  main_1.o(i.__sti___8_main_cpp_wsled)
    i.main                                   0x08001b78   Section        0  main_1.o(i.main)
    .constdata                               0x08001bb0   Section        8  stm32f7xx_hal_dma.o(.constdata)
    flagBitshiftOffset                       0x08001bb0   Data           8  stm32f7xx_hal_dma.o(.constdata)
    .constdata                               0x08001bb8   Section       16  system_stm32f7xx.o(.constdata)
    .init_array                              0x08001be8   Section        4  main_1.o(.init_array)
    .init_array                              0x08001bec   Section        0  cpp_init.o(.init_array)
    .data                                    0x20000000   Section       12  stm32f7xx_hal.o(.data)
    .data                                    0x2000000c   Section        4  system_stm32f7xx.o(.data)
    .bss                                     0x20000010   Section     5080  main_1.o(.bss)
    .bss                                     0x200013e8   Section      160  tim.o(.bss)
    STACK                                    0x20001488   Section     1024  startup_stm32f767xx.o(STACK)

    Global Symbols

    Symbol Name                              Value     Ov Type        Size  Object(Section)

    BuildAttributes$$THM_ISAv4$E$P$D$K$B$S$7EM$VFPv5_D16$PE$PLD8$A:L22UL41UL21$X:L11$S22US41US21$IEEE1$IW$USESV6$~STKCKD$USESV7$~SHL$OSPACE$EBA8$MICROLIB$REQ8$PRES8$EABIv2 0x00000000   Number         0  anon$$obj.o ABSOLUTE
    __ARM_use_no_argv                        0x00000000   Number         0  main_1.o ABSOLUTE
    __cxa_finalize                            - Undefined Weak Reference
    __decompress                              - Undefined Weak Reference
    _clock_init                               - Undefined Weak Reference
    _microlib_exit                            - Undefined Weak Reference
    __Vectors_Size                           0x000001f8   Number         0  startup_stm32f767xx.o ABSOLUTE
    __Vectors                                0x08000000   Data           4  startup_stm32f767xx.o(RESET)
    __Vectors_End                            0x080001f8   Data           0  startup_stm32f767xx.o(RESET)
    __main                                   0x080001f9   Thumb Code     0  entry.o(.ARM.Collect$$$$00000000)
    _main_stk                                0x080001f9   Thumb Code     0  entry2.o(.ARM.Collect$$$$00000001)
    _main_scatterload                        0x080001fd   Thumb Code     0  entry5.o(.ARM.Collect$$$$00000004)
    __main_after_scatterload                 0x08000201   Thumb Code     0  entry5.o(.ARM.Collect$$$$00000004)
    _main_clock                              0x08000201   Thumb Code     0  entry7b.o(.ARM.Collect$$$$00000008)
    _main_cpp_init$empty                     0x08000201   Thumb Code     0  entry8a.o(.ARM.Collect$$$$00000009)
    _main_cpp_init                           0x08000205   Thumb Code     0  entry8b.o(.ARM.Collect$$$$0000000A)
    _main_init                               0x08000205   Thumb Code     0  entry9a.o(.ARM.Collect$$$$0000000B)
    __rt_final_cpp                           0x0800020d   Thumb Code     0  entry10a.o(.ARM.Collect$$$$0000000D)
    __rt_final_exit                          0x0800020d   Thumb Code     0  entry11a.o(.ARM.Collect$$$$0000000F)
    Reset_Handler                            0x08000211   Thumb Code     8  startup_stm32f767xx.o(.text)
    ADC_IRQHandler                           0x0800022b   Thumb Code     0  startup_stm32f767xx.o(.text)
    CAN1_RX0_IRQHandler                      0x0800022b   Thumb Code     0  startup_stm32f767xx.o(.text)
    CAN1_RX1_IRQHandler                      0x0800022b   Thumb Code     0  startup_stm32f767xx.o(.text)
    CAN1_SCE_IRQHandler                      0x0800022b   Thumb Code     0  startup_stm32f767xx.o(.text)
    CAN1_TX_IRQHandler                       0x0800022b   Thumb Code     0  startup_stm32f767xx.o(.text)
    CAN2_RX0_IRQHandler                      0x0800022b   Thumb Code     0  startup_stm32f767xx.o(.text)
    CAN2_RX1_IRQHandler                      0x0800022b   Thumb Code     0  startup_stm32f767xx.o(.text)
    CAN2_SCE_IRQHandler                      0x0800022b   Thumb Code     0  startup_stm32f767xx.o(.text)
    CAN2_TX_IRQHandler                       0x0800022b   Thumb Code     0  startup_stm32f767xx.o(.text)
    CAN3_RX0_IRQHandler                      0x0800022b   Thumb Code     0  startup_stm32f767xx.o(.text)
    CAN3_RX1_IRQHandler                      0x0800022b   Thumb Code     0  startup_stm32f767xx.o(.text)
    CAN3_SCE_IRQHandler                      0x0800022b   Thumb Code     0  startup_stm32f767xx.o(.text)
    CAN3_TX_IRQHandler                       0x0800022b   Thumb Code     0  startup_stm32f767xx.o(.text)
    CEC_IRQHandler                           0x0800022b   Thumb Code     0  startup_stm32f767xx.o(.text)
    DCMI_IRQHandler                          0x0800022b   Thumb Code     0  startup_stm32f767xx.o(.text)
    DFSDM1_FLT0_IRQHandler                   0x0800022b   Thumb Code     0  startup_stm32f767xx.o(.text)
    DFSDM1_FLT1_IRQHandler                   0x0800022b   Thumb Code     0  startup_stm32f767xx.o(.text)
    DFSDM1_FLT2_IRQHandler                   0x0800022b   Thumb Code     0  startup_stm32f767xx.o(.text)
    DFSDM1_FLT3_IRQHandler                   0x0800022b   Thumb Code     0  startup_stm32f767xx.o(.text)
    DMA1_Stream0_IRQHandler                  0x0800022b   Thumb Code     0  startup_stm32f767xx.o(.text)
    DMA1_Stream1_IRQHandler                  0x0800022b   Thumb Code     0  startup_stm32f767xx.o(.text)
    DMA1_Stream2_IRQHandler                  0x0800022b   Thumb Code     0  startup_stm32f767xx.o(.text)
    DMA1_Stream3_IRQHandler                  0x0800022b   Thumb Code     0  startup_stm32f767xx.o(.text)
    DMA1_Stream4_IRQHandler                  0x0800022b   Thumb Code     0  startup_stm32f767xx.o(.text)
    DMA1_Stream5_IRQHandler                  0x0800022b   Thumb Code     0  startup_stm32f767xx.o(.text)
    DMA1_Stream6_IRQHandler                  0x0800022b   Thumb Code     0  startup_stm32f767xx.o(.text)
    DMA1_Stream7_IRQHandler                  0x0800022b   Thumb Code     0  startup_stm32f767xx.o(.text)
    DMA2D_IRQHandler                         0x0800022b   Thumb Code     0  startup_stm32f767xx.o(.text)
    DMA2_Stream0_IRQHandler                  0x0800022b   Thumb Code     0  startup_stm32f767xx.o(.text)
    DMA2_Stream2_IRQHandler                  0x0800022b   Thumb Code     0  startup_stm32f767xx.o(.text)
    DMA2_Stream3_IRQHandler                  0x0800022b   Thumb Code     0  startup_stm32f767xx.o(.text)
    DMA2_Stream4_IRQHandler                  0x0800022b   Thumb Code     0  startup_stm32f767xx.o(.text)
    DMA2_Stream5_IRQHandler                  0x0800022b   Thumb Code     0  startup_stm32f767xx.o(.text)
    DMA2_Stream6_IRQHandler                  0x0800022b   Thumb Code     0  startup_stm32f767xx.o(.text)
    DMA2_Stream7_IRQHandler                  0x0800022b   Thumb Code     0  startup_stm32f767xx.o(.text)
    ETH_IRQHandler                           0x0800022b   Thumb Code     0  startup_stm32f767xx.o(.text)
    ETH_WKUP_IRQHandler                      0x0800022b   Thumb Code     0  startup_stm32f767xx.o(.text)
    EXTI0_IRQHandler                         0x0800022b   Thumb Code     0  startup_stm32f767xx.o(.text)
    EXTI15_10_IRQHandler                     0x0800022b   Thumb Code     0  startup_stm32f767xx.o(.text)
    EXTI1_IRQHandler                         0x0800022b   Thumb Code     0  startup_stm32f767xx.o(.text)
    EXTI2_IRQHandler                         0x0800022b   Thumb Code     0  startup_stm32f767xx.o(.text)
    EXTI3_IRQHandler                         0x0800022b   Thumb Code     0  startup_stm32f767xx.o(.text)
    EXTI4_IRQHandler                         0x0800022b   Thumb Code     0  startup_stm32f767xx.o(.text)
    EXTI9_5_IRQHandler                       0x0800022b   Thumb Code     0  startup_stm32f767xx.o(.text)
    FLASH_IRQHandler                         0x0800022b   Thumb Code     0  startup_stm32f767xx.o(.text)
    FMC_IRQHandler                           0x0800022b   Thumb Code     0  startup_stm32f767xx.o(.text)
    FPU_IRQHandler                           0x0800022b   Thumb Code     0  startup_stm32f767xx.o(.text)
    I2C1_ER_IRQHandler                       0x0800022b   Thumb Code     0  startup_stm32f767xx.o(.text)
    I2C1_EV_IRQHandler                       0x0800022b   Thumb Code     0  startup_stm32f767xx.o(.text)
    I2C2_ER_IRQHandler                       0x0800022b   Thumb Code     0  startup_stm32f767xx.o(.text)
    I2C2_EV_IRQHandler                       0x0800022b   Thumb Code     0  startup_stm32f767xx.o(.text)
    I2C3_ER_IRQHandler                       0x0800022b   Thumb Code     0  startup_stm32f767xx.o(.text)
    I2C3_EV_IRQHandler                       0x0800022b   Thumb Code     0  startup_stm32f767xx.o(.text)
    I2C4_ER_IRQHandler                       0x0800022b   Thumb Code     0  startup_stm32f767xx.o(.text)
    I2C4_EV_IRQHandler                       0x0800022b   Thumb Code     0  startup_stm32f767xx.o(.text)
    JPEG_IRQHandler                          0x0800022b   Thumb Code     0  startup_stm32f767xx.o(.text)
    LPTIM1_IRQHandler                        0x0800022b   Thumb Code     0  startup_stm32f767xx.o(.text)
    LTDC_ER_IRQHandler                       0x0800022b   Thumb Code     0  startup_stm32f767xx.o(.text)
    LTDC_IRQHandler                          0x0800022b   Thumb Code     0  startup_stm32f767xx.o(.text)
    MDIOS_IRQHandler                         0x0800022b   Thumb Code     0  startup_stm32f767xx.o(.text)
    OTG_FS_IRQHandler                        0x0800022b   Thumb Code     0  startup_stm32f767xx.o(.text)
    OTG_FS_WKUP_IRQHandler                   0x0800022b   Thumb Code     0  startup_stm32f767xx.o(.text)
    OTG_HS_EP1_IN_IRQHandler                 0x0800022b   Thumb Code     0  startup_stm32f767xx.o(.text)
    OTG_HS_EP1_OUT_IRQHandler                0x0800022b   Thumb Code     0  startup_stm32f767xx.o(.text)
    OTG_HS_IRQHandler                        0x0800022b   Thumb Code     0  startup_stm32f767xx.o(.text)
    OTG_HS_WKUP_IRQHandler                   0x0800022b   Thumb Code     0  startup_stm32f767xx.o(.text)
    PVD_IRQHandler                           0x0800022b   Thumb Code     0  startup_stm32f767xx.o(.text)
    QUADSPI_IRQHandler                       0x0800022b   Thumb Code     0  startup_stm32f767xx.o(.text)
    RCC_IRQHandler                           0x0800022b   Thumb Code     0  startup_stm32f767xx.o(.text)
    RNG_IRQHandler                           0x0800022b   Thumb Code     0  startup_stm32f767xx.o(.text)
    RTC_Alarm_IRQHandler                     0x0800022b   Thumb Code     0  startup_stm32f767xx.o(.text)
    RTC_WKUP_IRQHandler                      0x0800022b   Thumb Code     0  startup_stm32f767xx.o(.text)
    SAI1_IRQHandler                          0x0800022b   Thumb Code     0  startup_stm32f767xx.o(.text)
    SAI2_IRQHandler                          0x0800022b   Thumb Code     0  startup_stm32f767xx.o(.text)
    SDMMC1_IRQHandler                        0x0800022b   Thumb Code     0  startup_stm32f767xx.o(.text)
    SDMMC2_IRQHandler                        0x0800022b   Thumb Code     0  startup_stm32f767xx.o(.text)
    SPDIF_RX_IRQHandler                      0x0800022b   Thumb Code     0  startup_stm32f767xx.o(.text)
    SPI1_IRQHandler                          0x0800022b   Thumb Code     0  startup_stm32f767xx.o(.text)
    SPI2_IRQHandler                          0x0800022b   Thumb Code     0  startup_stm32f767xx.o(.text)
    SPI3_IRQHandler                          0x0800022b   Thumb Code     0  startup_stm32f767xx.o(.text)
    SPI4_IRQHandler                          0x0800022b   Thumb Code     0  startup_stm32f767xx.o(.text)
    SPI5_IRQHandler                          0x0800022b   Thumb Code     0  startup_stm32f767xx.o(.text)
    SPI6_IRQHandler                          0x0800022b   Thumb Code     0  startup_stm32f767xx.o(.text)
    TAMP_STAMP_IRQHandler                    0x0800022b   Thumb Code     0  startup_stm32f767xx.o(.text)
    TIM1_BRK_TIM9_IRQHandler                 0x0800022b   Thumb Code     0  startup_stm32f767xx.o(.text)
    TIM1_CC_IRQHandler                       0x0800022b   Thumb Code     0  startup_stm32f767xx.o(.text)
    TIM1_TRG_COM_TIM11_IRQHandler            0x0800022b   Thumb Code     0  startup_stm32f767xx.o(.text)
    TIM1_UP_TIM10_IRQHandler                 0x0800022b   Thumb Code     0  startup_stm32f767xx.o(.text)
    TIM2_IRQHandler                          0x0800022b   Thumb Code     0  startup_stm32f767xx.o(.text)
    TIM3_IRQHandler                          0x0800022b   Thumb Code     0  startup_stm32f767xx.o(.text)
    TIM4_IRQHandler                          0x0800022b   Thumb Code     0  startup_stm32f767xx.o(.text)
    TIM5_IRQHandler                          0x0800022b   Thumb Code     0  startup_stm32f767xx.o(.text)
    TIM6_DAC_IRQHandler                      0x0800022b   Thumb Code     0  startup_stm32f767xx.o(.text)
    TIM7_IRQHandler                          0x0800022b   Thumb Code     0  startup_stm32f767xx.o(.text)
    TIM8_BRK_TIM12_IRQHandler                0x0800022b   Thumb Code     0  startup_stm32f767xx.o(.text)
    TIM8_CC_IRQHandler                       0x0800022b   Thumb Code     0  startup_stm32f767xx.o(.text)
    TIM8_TRG_COM_TIM14_IRQHandler            0x0800022b   Thumb Code     0  startup_stm32f767xx.o(.text)
    TIM8_UP_TIM13_IRQHandler                 0x0800022b   Thumb Code     0  startup_stm32f767xx.o(.text)
    UART4_IRQHandler                         0x0800022b   Thumb Code     0  startup_stm32f767xx.o(.text)
    UART5_IRQHandler                         0x0800022b   Thumb Code     0  startup_stm32f767xx.o(.text)
    UART7_IRQHandler                         0x0800022b   Thumb Code     0  startup_stm32f767xx.o(.text)
    UART8_IRQHandler                         0x0800022b   Thumb Code     0  startup_stm32f767xx.o(.text)
    USART1_IRQHandler                        0x0800022b   Thumb Code     0  startup_stm32f767xx.o(.text)
    USART2_IRQHandler                        0x0800022b   Thumb Code     0  startup_stm32f767xx.o(.text)
    USART3_IRQHandler                        0x0800022b   Thumb Code     0  startup_stm32f767xx.o(.text)
    USART6_IRQHandler                        0x0800022b   Thumb Code     0  startup_stm32f767xx.o(.text)
    WWDG_IRQHandler                          0x0800022b   Thumb Code     0  startup_stm32f767xx.o(.text)
    __aeabi_uldivmod                         0x08000235   Thumb Code    98  uldiv.o(.text)
    __aeabi_memset                           0x08000297   Thumb Code    14  memseta.o(.text)
    __aeabi_memset4                          0x08000297   Thumb Code     0  memseta.o(.text)
    __aeabi_memset8                          0x08000297   Thumb Code     0  memseta.o(.text)
    __aeabi_memclr                           0x080002a5   Thumb Code     4  memseta.o(.text)
    __aeabi_memclr4                          0x080002a5   Thumb Code     0  memseta.o(.text)
    __aeabi_memclr8                          0x080002a5   Thumb Code     0  memseta.o(.text)
    _memset$wrapper                          0x080002a9   Thumb Code    18  memseta.o(.text)
    __cpp_initialize__aeabi_                 0x080002bd   Thumb Code    22  cpp_init.o(.text)
    __aeabi_llsl                             0x080002dd   Thumb Code    30  llshl.o(.text)
    _ll_shift_l                              0x080002dd   Thumb Code     0  llshl.o(.text)
    __aeabi_llsr                             0x080002fb   Thumb Code    32  llushr.o(.text)
    _ll_ushift_r                             0x080002fb   Thumb Code     0  llushr.o(.text)
    __scatterload                            0x0800031d   Thumb Code    28  init.o(.text)
    __scatterload_rt2                        0x0800031d   Thumb Code     0  init.o(.text)
    BusFault_Handler                         0x08000341   Thumb Code     2  stm32f7xx_it.o(i.BusFault_Handler)
    DMA2_Stream1_IRQHandler                  0x08000345   Thumb Code     6  stm32f7xx_it.o(i.DMA2_Stream1_IRQHandler)
    DebugMon_Handler                         0x080003f5   Thumb Code     2  stm32f7xx_it.o(i.DebugMon_Handler)
    Error_Handler                            0x080003f7   Thumb Code     2  main_1.o(i.Error_Handler)
    HAL_DMA_IRQHandler                       0x080003f9   Thumb Code   412  stm32f7xx_hal_dma.o(i.HAL_DMA_IRQHandler)
    HAL_DMA_Init                             0x08000599   Thumb Code   222  stm32f7xx_hal_dma.o(i.HAL_DMA_Init)
    HAL_DMA_Start_IT                         0x0800067d   Thumb Code   122  stm32f7xx_hal_dma.o(i.HAL_DMA_Start_IT)
    HAL_Delay                                0x080006f9   Thumb Code    32  stm32f7xx_hal.o(i.HAL_Delay)
    HAL_GPIO_Init                            0x0800071d   Thumb Code   418  stm32f7xx_hal_gpio.o(i.HAL_GPIO_Init)
    HAL_GetTick                              0x080008f5   Thumb Code     6  stm32f7xx_hal.o(i.HAL_GetTick)
    HAL_IncTick                              0x08000901   Thumb Code    12  stm32f7xx_hal.o(i.HAL_IncTick)
    HAL_Init                                 0x08000911   Thumb Code    22  stm32f7xx_hal.o(i.HAL_Init)
    HAL_InitTick                             0x08000929   Thumb Code    54  stm32f7xx_hal.o(i.HAL_InitTick)
    HAL_MspInit                              0x08000969   Thumb Code    42  stm32f7xx_hal_msp.o(i.HAL_MspInit)
    HAL_NVIC_EnableIRQ                       0x08000999   Thumb Code    26  stm32f7xx_hal_cortex.o(i.HAL_NVIC_EnableIRQ)
    HAL_NVIC_SetPriority                     0x080009b5   Thumb Code    60  stm32f7xx_hal_cortex.o(i.HAL_NVIC_SetPriority)
    HAL_NVIC_SetPriorityGrouping             0x080009f5   Thumb Code    28  stm32f7xx_hal_cortex.o(i.HAL_NVIC_SetPriorityGrouping)
    HAL_PWREx_EnableOverDrive                0x08000a19   Thumb Code   100  stm32f7xx_hal_pwr_ex.o(i.HAL_PWREx_EnableOverDrive)
    HAL_RCC_ClockConfig                      0x08000a85   Thumb Code   282  stm32f7xx_hal_rcc.o(i.HAL_RCC_ClockConfig)
    HAL_RCC_GetSysClockFreq                  0x08000bb1   Thumb Code    88  stm32f7xx_hal_rcc.o(i.HAL_RCC_GetSysClockFreq)
    HAL_RCC_OscConfig                        0x08000c15   Thumb Code   814  stm32f7xx_hal_rcc.o(i.HAL_RCC_OscConfig)
    HAL_SYSTICK_Config                       0x08000f51   Thumb Code    38  stm32f7xx_hal_cortex.o(i.HAL_SYSTICK_Config)
    HAL_TIMEx_ConfigBreakDeadTime            0x08000f79   Thumb Code   150  stm32f7xx_hal_tim_ex.o(i.HAL_TIMEx_ConfigBreakDeadTime)
    HAL_TIMEx_MasterConfigSynchronization    0x08001019   Thumb Code    88  stm32f7xx_hal_tim_ex.o(i.HAL_TIMEx_MasterConfigSynchronization)
    HAL_TIM_ErrorCallback                    0x08001079   Thumb Code     2  stm32f7xx_hal_tim.o(i.HAL_TIM_ErrorCallback)
    HAL_TIM_MspPostInit                      0x0800107d   Thumb Code    72  tim.o(i.HAL_TIM_MspPostInit)
    HAL_TIM_PWM_ConfigChannel                0x080010d1   Thumb Code   296  stm32f7xx_hal_tim.o(i.HAL_TIM_PWM_ConfigChannel)
    HAL_TIM_PWM_Init                         0x080011f9   Thumb Code    54  stm32f7xx_hal_tim.o(i.HAL_TIM_PWM_Init)
    HAL_TIM_PWM_MspInit                      0x08001231   Thumb Code    98  tim.o(i.HAL_TIM_PWM_MspInit)
    HAL_TIM_PWM_PulseFinishedCallback        0x080012a5   Thumb Code     2  stm32f7xx_hal_tim.o(i.HAL_TIM_PWM_PulseFinishedCallback)
    HAL_TIM_PWM_PulseFinishedHalfCpltCallback 0x080012a7   Thumb Code     2  stm32f7xx_hal_tim.o(i.HAL_TIM_PWM_PulseFinishedHalfCpltCallback)
    HAL_TIM_PWM_Start_DMA                    0x080012a9   Thumb Code   274  stm32f7xx_hal_tim.o(i.HAL_TIM_PWM_Start_DMA)
    HardFault_Handler                        0x080013d5   Thumb Code     2  stm32f7xx_it.o(i.HardFault_Handler)
    MX_DMA_Init                              0x080013d9   Thumb Code    40  dma.o(i.MX_DMA_Init)
    MX_GPIO_Init                             0x08001405   Thumb Code    22  gpio.o(i.MX_GPIO_Init)
    MX_TIM1_Init                             0x08001421   Thumb Code   162  tim.o(i.MX_TIM1_Init)
    MemManage_Handler                        0x080014cd   Thumb Code     2  stm32f7xx_it.o(i.MemManage_Handler)
    NMI_Handler                              0x080014cf   Thumb Code     2  stm32f7xx_it.o(i.NMI_Handler)
    PendSV_Handler                           0x080014d1   Thumb Code     2  stm32f7xx_it.o(i.PendSV_Handler)
    SVC_Handler                              0x080014d3   Thumb Code     2  stm32f7xx_it.o(i.SVC_Handler)
    SysTick_Handler                          0x080014d5   Thumb Code     4  stm32f7xx_it.o(i.SysTick_Handler)
    SystemInit                               0x080014d9   Thumb Code    68  system_stm32f7xx.o(i.SystemInit)
    TIM_Base_SetConfig                       0x0800152d   Thumb Code   158  stm32f7xx_hal_tim.o(i.TIM_Base_SetConfig)
    TIM_CCxChannelCmd                        0x080015f9   Thumb Code    26  stm32f7xx_hal_tim.o(i.TIM_CCxChannelCmd)
    TIM_DMADelayPulseCplt                    0x08001613   Thumb Code    62  stm32f7xx_hal_tim.o(i.TIM_DMADelayPulseCplt)
    TIM_DMADelayPulseHalfCplt                0x08001651   Thumb Code    62  stm32f7xx_hal_tim.o(i.TIM_DMADelayPulseHalfCplt)
    TIM_DMAError                             0x0800168f   Thumb Code    16  stm32f7xx_hal_tim.o(i.TIM_DMAError)
    TIM_OC2_SetConfig                        0x08001715   Thumb Code   108  stm32f7xx_hal_tim.o(i.TIM_OC2_SetConfig)
    UsageFault_Handler                       0x0800190d   Thumb Code     2  stm32f7xx_it.o(i.UsageFault_Handler)
    rainbowGradient()                        0x08001911   Thumb Code    74  main_1.o(i._Z15rainbowGradientv)
    SystemClock_Config()                     0x08001961   Thumb Code   128  main_1.o(i._Z18SystemClock_Configv)
    Wheel(unsigned char)                     0x080019e9   Thumb Code    72  main_1.o(i._Z5Wheelh)
    WSLED::led_display()                     0x08001a31   Thumb Code    56  ws2812b.o(i._ZN5WSLED11led_displayEv)
    WSLED::led_set_color_all(unsigned char, unsigned char, unsigned char) 0x08001a69   Thumb Code    26  ws2812b.o(i._ZN5WSLED17led_set_color_allEhhh)
    WSLED::led_set_color_rgb(unsigned, unsigned) 0x08001a83   Thumb Code    32  ws2812b.o(i._ZN5WSLED17led_set_color_rgbEjj)
    WSLED::led_fill_led_pwm_data(unsigned)   0x08001aa3   Thumb Code    94  ws2812b.o(i._ZN5WSLED21led_fill_led_pwm_dataEj)
    WSLED::led_init()                        0x08001b01   Thumb Code    16  ws2812b.o(i._ZN5WSLED8led_initEv)
    WSLED::WSLED()                           0x08001b15   Thumb Code    24  ws2812b.o(i._ZN5WSLEDC1Ev)
    WSLED::WSLED__sub_object()               0x08001b15   Thumb Code     0  ws2812b.o(i._ZN5WSLEDC1Ev)
    __scatterload_copy                       0x08001b4f   Thumb Code    14  handlers.o(i.__scatterload_copy)
    __scatterload_null                       0x08001b5d   Thumb Code     2  handlers.o(i.__scatterload_null)
    __scatterload_zeroinit                   0x08001b5f   Thumb Code    14  handlers.o(i.__scatterload_zeroinit)
    main                                     0x08001b79   Thumb Code    50  main_1.o(i.main)
    AHBPrescTable                            0x08001bb8   Data          16  system_stm32f7xx.o(.constdata)
    Region$$Table$$Base                      0x08001bc8   Number         0  anon$$obj.o(Region$$Table)
    Region$$Table$$Limit                     0x08001be8   Number         0  anon$$obj.o(Region$$Table)
    SHT$$INIT_ARRAY$$Base                    0x08001be8   Number         0  main_1.o(.init_array)
    SHT$$INIT_ARRAY$$Limit                   0x08001bec   Number         0  cpp_init.o(.init_array)
    uwTickFreq                               0x20000000   Data           1  stm32f7xx_hal.o(.data)
    uwTickPrio                               0x20000004   Data           4  stm32f7xx_hal.o(.data)
    uwTick                                   0x20000008   Data           4  stm32f7xx_hal.o(.data)
    SystemCoreClock                          0x2000000c   Data           4  system_stm32f7xx.o(.data)
    wsled                                    0x20000010   Data        5080  main_1.o(.bss)
    htim1                                    0x200013e8   Data          64  tim.o(.bss)
    hdma_tim1_ch1                            0x20001428   Data          96  tim.o(.bss)
    __initial_sp                             0x20001888   Data           0  startup_stm32f767xx.o(STACK)



==============================================================================

Memory Map of the image

  Image Entry point : 0x080001f9

  Load Region LR_IROM1 (Base: 0x08000000, Size: 0x00001bfc, Max: 0x00200000, ABSOLUTE)

    Execution Region ER_IROM1 (Exec base: 0x08000000, Load base: 0x08000000, Size: 0x00001bec, Max: 0x00200000, ABSOLUTE)

    Exec Addr    Load Addr    Size         Type   Attr      Idx    E Section Name        Object

    0x08000000   0x08000000   0x000001f8   Data   RO            3    RESET               startup_stm32f767xx.o
    0x080001f8   0x080001f8   0x00000000   Code   RO         3354  * .ARM.Collect$$$$00000000  mc_w.l(entry.o)
    0x080001f8   0x080001f8   0x00000004   Code   RO         3366    .ARM.Collect$$$$00000001  mc_w.l(entry2.o)
    0x080001fc   0x080001fc   0x00000004   Code   RO         3369    .ARM.Collect$$$$00000004  mc_w.l(entry5.o)
    0x08000200   0x08000200   0x00000000   Code   RO         3371    .ARM.Collect$$$$00000008  mc_w.l(entry7b.o)
    0x08000200   0x08000200   0x00000004   Code   RO         3372    .ARM.Collect$$$$00000009  mc_w.l(entry8a.o)
    0x08000204   0x08000204   0x00000000   Code   RO         3373    .ARM.Collect$$$$0000000A  mc_w.l(entry8b.o)
    0x08000204   0x08000204   0x00000008   Code   RO         3374    .ARM.Collect$$$$0000000B  mc_w.l(entry9a.o)
    0x0800020c   0x0800020c   0x00000000   Code   RO         3376    .ARM.Collect$$$$0000000D  mc_w.l(entry10a.o)
    0x0800020c   0x0800020c   0x00000000   Code   RO         3378    .ARM.Collect$$$$0000000F  mc_w.l(entry11a.o)
    0x0800020c   0x0800020c   0x00000004   Code   RO         3367    .ARM.Collect$$$$00002712  mc_w.l(entry2.o)
    0x08000210   0x08000210   0x00000024   Code   RO            4    .text               startup_stm32f767xx.o
    0x08000234   0x08000234   0x00000062   Code   RO         3357    .text               mc_w.l(uldiv.o)
    0x08000296   0x08000296   0x00000024   Code   RO         3359    .text               mc_w.l(memseta.o)
    0x080002ba   0x080002ba   0x00000002   PAD
    0x080002bc   0x080002bc   0x00000020   Code   RO         3364    .text               mc_w.l(cpp_init.o)
    0x080002dc   0x080002dc   0x0000001e   Code   RO         3380    .text               mc_w.l(llshl.o)
    0x080002fa   0x080002fa   0x00000020   Code   RO         3382    .text               mc_w.l(llushr.o)
    0x0800031a   0x0800031a   0x00000002   PAD
    0x0800031c   0x0800031c   0x00000024   Code   RO         3384    .text               mc_w.l(init.o)
    0x08000340   0x08000340   0x00000002   Code   RO          386    i.BusFault_Handler  stm32f7xx_it.o
    0x08000342   0x08000342   0x00000002   PAD
    0x08000344   0x08000344   0x0000000c   Code   RO          387    i.DMA2_Stream1_IRQHandler  stm32f7xx_it.o
    0x08000350   0x08000350   0x00000028   Code   RO         1993    i.DMA_CalcBaseAndBitshift  stm32f7xx_hal_dma.o
    0x08000378   0x08000378   0x00000054   Code   RO         1994    i.DMA_CheckFifoParam  stm32f7xx_hal_dma.o
    0x080003cc   0x080003cc   0x00000028   Code   RO         1995    i.DMA_SetConfig     stm32f7xx_hal_dma.o
    0x080003f4   0x080003f4   0x00000002   Code   RO          388    i.DebugMon_Handler  stm32f7xx_it.o
    0x080003f6   0x080003f6   0x00000002   Code   RO           13    i.Error_Handler     main_1.o
    0x080003f8   0x080003f8   0x000001a0   Code   RO         2001    i.HAL_DMA_IRQHandler  stm32f7xx_hal_dma.o
    0x08000598   0x08000598   0x000000e4   Code   RO         2002    i.HAL_DMA_Init      stm32f7xx_hal_dma.o
    0x0800067c   0x0800067c   0x0000007a   Code   RO         2006    i.HAL_DMA_Start_IT  stm32f7xx_hal_dma.o
    0x080006f6   0x080006f6   0x00000002   PAD
    0x080006f8   0x080006f8   0x00000024   Code   RO         2363    i.HAL_Delay         stm32f7xx_hal.o
    0x0800071c   0x0800071c   0x000001d8   Code   RO         1930    i.HAL_GPIO_Init     stm32f7xx_hal_gpio.o
    0x080008f4   0x080008f4   0x0000000c   Code   RO         2373    i.HAL_GetTick       stm32f7xx_hal.o
    0x08000900   0x08000900   0x00000010   Code   RO         2379    i.HAL_IncTick       stm32f7xx_hal.o
    0x08000910   0x08000910   0x00000016   Code   RO         2380    i.HAL_Init          stm32f7xx_hal.o
    0x08000926   0x08000926   0x00000002   PAD
    0x08000928   0x08000928   0x00000040   Code   RO         2381    i.HAL_InitTick      stm32f7xx_hal.o
    0x08000968   0x08000968   0x00000030   Code   RO          468    i.HAL_MspInit       stm32f7xx_hal_msp.o
    0x08000998   0x08000998   0x0000001a   Code   RO          497    i.HAL_NVIC_EnableIRQ  stm32f7xx_hal_cortex.o
    0x080009b2   0x080009b2   0x00000002   PAD
    0x080009b4   0x080009b4   0x00000040   Code   RO          503    i.HAL_NVIC_SetPriority  stm32f7xx_hal_cortex.o
    0x080009f4   0x080009f4   0x00000024   Code   RO          504    i.HAL_NVIC_SetPriorityGrouping  stm32f7xx_hal_cortex.o
    0x08000a18   0x08000a18   0x0000006c   Code   RO         2270    i.HAL_PWREx_EnableOverDrive  stm32f7xx_hal_pwr_ex.o
    0x08000a84   0x08000a84   0x0000012c   Code   RO         1584    i.HAL_RCC_ClockConfig  stm32f7xx_hal_rcc.o
    0x08000bb0   0x08000bb0   0x00000064   Code   RO         1593    i.HAL_RCC_GetSysClockFreq  stm32f7xx_hal_rcc.o
    0x08000c14   0x08000c14   0x0000033c   Code   RO         1596    i.HAL_RCC_OscConfig  stm32f7xx_hal_rcc.o
    0x08000f50   0x08000f50   0x00000026   Code   RO          508    i.HAL_SYSTICK_Config  stm32f7xx_hal_cortex.o
    0x08000f76   0x08000f76   0x00000002   PAD
    0x08000f78   0x08000f78   0x000000a0   Code   RO         1318    i.HAL_TIMEx_ConfigBreakDeadTime  stm32f7xx_hal_tim_ex.o
    0x08001018   0x08001018   0x00000060   Code   RO         1335    i.HAL_TIMEx_MasterConfigSynchronization  stm32f7xx_hal_tim_ex.o
    0x08001078   0x08001078   0x00000002   Code   RO          656    i.HAL_TIM_ErrorCallback  stm32f7xx_hal_tim.o
    0x0800107a   0x0800107a   0x00000002   PAD
    0x0800107c   0x0800107c   0x00000054   Code   RO          338    i.HAL_TIM_MspPostInit  tim.o
    0x080010d0   0x080010d0   0x00000128   Code   RO          696    i.HAL_TIM_PWM_ConfigChannel  stm32f7xx_hal_tim.o
    0x080011f8   0x080011f8   0x00000036   Code   RO          699    i.HAL_TIM_PWM_Init  stm32f7xx_hal_tim.o
    0x0800122e   0x0800122e   0x00000002   PAD
    0x08001230   0x08001230   0x00000074   Code   RO          340    i.HAL_TIM_PWM_MspInit  tim.o
    0x080012a4   0x080012a4   0x00000002   Code   RO          702    i.HAL_TIM_PWM_PulseFinishedCallback  stm32f7xx_hal_tim.o
    0x080012a6   0x080012a6   0x00000002   Code   RO          703    i.HAL_TIM_PWM_PulseFinishedHalfCpltCallback  stm32f7xx_hal_tim.o
    0x080012a8   0x080012a8   0x0000012c   Code   RO          705    i.HAL_TIM_PWM_Start_DMA  stm32f7xx_hal_tim.o
    0x080013d4   0x080013d4   0x00000002   Code   RO          389    i.HardFault_Handler  stm32f7xx_it.o
    0x080013d6   0x080013d6   0x00000002   PAD
    0x080013d8   0x080013d8   0x0000002c   Code   RO          311    i.MX_DMA_Init       dma.o
    0x08001404   0x08001404   0x0000001c   Code   RO          187    i.MX_GPIO_Init      gpio.o
    0x08001420   0x08001420   0x000000ac   Code   RO          341    i.MX_TIM1_Init      tim.o
    0x080014cc   0x080014cc   0x00000002   Code   RO          390    i.MemManage_Handler  stm32f7xx_it.o
    0x080014ce   0x080014ce   0x00000002   Code   RO          391    i.NMI_Handler       stm32f7xx_it.o
    0x080014d0   0x080014d0   0x00000002   Code   RO          392    i.PendSV_Handler    stm32f7xx_it.o
    0x080014d2   0x080014d2   0x00000002   Code   RO          393    i.SVC_Handler       stm32f7xx_it.o
    0x080014d4   0x080014d4   0x00000004   Code   RO          394    i.SysTick_Handler   stm32f7xx_it.o
    0x080014d8   0x080014d8   0x00000054   Code   RO         3138    i.SystemInit        system_stm32f7xx.o
    0x0800152c   0x0800152c   0x000000cc   Code   RO          717    i.TIM_Base_SetConfig  stm32f7xx_hal_tim.o
    0x080015f8   0x080015f8   0x0000001a   Code   RO          718    i.TIM_CCxChannelCmd  stm32f7xx_hal_tim.o
    0x08001612   0x08001612   0x0000003e   Code   RO          721    i.TIM_DMADelayPulseCplt  stm32f7xx_hal_tim.o
    0x08001650   0x08001650   0x0000003e   Code   RO          722    i.TIM_DMADelayPulseHalfCplt  stm32f7xx_hal_tim.o
    0x0800168e   0x0800168e   0x00000010   Code   RO          723    i.TIM_DMAError      stm32f7xx_hal_tim.o
    0x0800169e   0x0800169e   0x00000002   PAD
    0x080016a0   0x080016a0   0x00000074   Code   RO          730    i.TIM_OC1_SetConfig  stm32f7xx_hal_tim.o
    0x08001714   0x08001714   0x00000078   Code   RO          731    i.TIM_OC2_SetConfig  stm32f7xx_hal_tim.o
    0x0800178c   0x0800178c   0x00000078   Code   RO          732    i.TIM_OC3_SetConfig  stm32f7xx_hal_tim.o
    0x08001804   0x08001804   0x00000058   Code   RO          733    i.TIM_OC4_SetConfig  stm32f7xx_hal_tim.o
    0x0800185c   0x0800185c   0x00000058   Code   RO          734    i.TIM_OC5_SetConfig  stm32f7xx_hal_tim.o
    0x080018b4   0x080018b4   0x00000058   Code   RO          735    i.TIM_OC6_SetConfig  stm32f7xx_hal_tim.o
    0x0800190c   0x0800190c   0x00000002   Code   RO          395    i.UsageFault_Handler  stm32f7xx_it.o
    0x0800190e   0x0800190e   0x00000002   PAD
    0x08001910   0x08001910   0x00000050   Code   RO           14    i._Z15rainbowGradientv  main_1.o
    0x08001960   0x08001960   0x00000088   Code   RO           15    i._Z18SystemClock_Configv  main_1.o
    0x080019e8   0x080019e8   0x00000048   Code   RO           16    i._Z5Wheelh         main_1.o
    0x08001a30   0x08001a30   0x00000038   Code   RO         3176    i._ZN5WSLED11led_displayEv  ws2812b.o
    0x08001a68   0x08001a68   0x0000001a   Code   RO         3178    i._ZN5WSLED17led_set_color_allEhhh  ws2812b.o
    0x08001a82   0x08001a82   0x00000020   Code   RO         3179    i._ZN5WSLED17led_set_color_rgbEjj  ws2812b.o
    0x08001aa2   0x08001aa2   0x0000005e   Code   RO         3180    i._ZN5WSLED21led_fill_led_pwm_dataEj  ws2812b.o
    0x08001b00   0x08001b00   0x00000014   Code   RO         3184    i._ZN5WSLED8led_initEv  ws2812b.o
    0x08001b14   0x08001b14   0x00000018   Code   RO         3185    i._ZN5WSLEDC1Ev     ws2812b.o
    0x08001b2c   0x08001b2c   0x00000022   Code   RO          510    i.__NVIC_SetPriority  stm32f7xx_hal_cortex.o
    0x08001b4e   0x08001b4e   0x0000000e   Code   RO         3388    i.__scatterload_copy  mc_w.l(handlers.o)
    0x08001b5c   0x08001b5c   0x00000002   Code   RO         3389    i.__scatterload_null  mc_w.l(handlers.o)
    0x08001b5e   0x08001b5e   0x0000000e   Code   RO         3390    i.__scatterload_zeroinit  mc_w.l(handlers.o)
    0x08001b6c   0x08001b6c   0x0000000c   Code   RO           17    i.__sti___8_main_cpp_wsled  main_1.o
    0x08001b78   0x08001b78   0x00000038   Code   RO           18    i.main              main_1.o
    0x08001bb0   0x08001bb0   0x00000008   Data   RO         2008    .constdata          stm32f7xx_hal_dma.o
    0x08001bb8   0x08001bb8   0x00000010   Data   RO         3139    .constdata          system_stm32f7xx.o
    0x08001bc8   0x08001bc8   0x00000020   Data   RO         3386    Region$$Table       anon$$obj.o
    0x08001be8   0x08001be8   0x00000004   Data   RO           26    .init_array         main_1.o
    0x08001bec   0x08001be8   0x00000000   Data   RO         3362    .init_array         mc_w.l(cpp_init.o)


    Execution Region RW_IRAM1 (Exec base: 0x20000000, Load base: 0x08001bec, Size: 0x00001888, Max: 0x00080000, ABSOLUTE)

    Exec Addr    Load Addr    Size         Type   Attr      Idx    E Section Name        Object

    0x20000000   0x08001bec   0x0000000c   Data   RW         2387    .data               stm32f7xx_hal.o
    0x2000000c   0x08001bf8   0x00000004   Data   RW         3141    .data               system_stm32f7xx.o
    0x20000010        -       0x000013d8   Zero   RW           25    .bss                main_1.o
    0x200013e8        -       0x000000a0   Zero   RW          342    .bss                tim.o
    0x20001488        -       0x00000400   Zero   RW            1    STACK               startup_stm32f767xx.o


==============================================================================

Image component sizes


      Code (inc. data)   RO Data    RW Data    ZI Data      Debug   Object Name

        44          4          0          0          0        754   dma.o
        28          6          0          0          0     840103   gpio.o
       358         26          4          0       5080     123230   main_1.o
        36          8        504          0       1024        836   startup_stm32f767xx.o
       150         24          0         12          0       9189   stm32f7xx_hal.o
       198         12          0          0          0      38995   stm32f7xx_hal_cortex.o
       930         16          8          0          0       5847   stm32f7xx_hal_dma.o
       472         54          0          0          0       1908   stm32f7xx_hal_gpio.o
        48          6          0          0          0        822   stm32f7xx_hal_msp.o
       108          8          0          0          0       1268   stm32f7xx_hal_pwr_ex.o
      1228         44          0          0          0       3918   stm32f7xx_hal_rcc.o
      1646        150          0          0          0      13873   stm32f7xx_hal_tim.o
       256         18          0          0          0       2304   stm32f7xx_hal_tim_ex.o
        32          6          0          0          0       4564   stm32f7xx_it.o
        84         16         16          4          0       1227   system_stm32f7xx.o
       372         40          0          0        160       2505   tim.o
       252          4          0          0          0     719160   ws2812b.o

    ----------------------------------------------------------------------
      6262        442        564         16       6264    1770503   Object Totals
         0          0         32          0          0          0   (incl. Generated)
        20          0          0          0          0          0   (incl. Padding)

    ----------------------------------------------------------------------

      Code (inc. data)   RO Data    RW Data    ZI Data      Debug   Library Member Name

        32         10          0          0          0         80   cpp_init.o
         0          0          0          0          0          0   entry.o
         0          0          0          0          0          0   entry10a.o
         0          0          0          0          0          0   entry11a.o
         8          4          0          0          0          0   entry2.o
         4          0          0          0          0          0   entry5.o
         0          0          0          0          0          0   entry7b.o
         4          0          0          0          0          0   entry8a.o
         0          0          0          0          0          0   entry8b.o
         8          4          0          0          0          0   entry9a.o
        30          0          0          0          0          0   handlers.o
        36          8          0          0          0         68   init.o
        30          0          0          0          0         68   llshl.o
        32          0          0          0          0         68   llushr.o
        36          0          0          0          0        108   memseta.o
        98          0          0          0          0         92   uldiv.o

    ----------------------------------------------------------------------
       322         26          0          0          0        484   Library Totals
         4          0          0          0          0          0   (incl. Padding)

    ----------------------------------------------------------------------

      Code (inc. data)   RO Data    RW Data    ZI Data      Debug   Library Name

       318         26          0          0          0        484   mc_w.l

    ----------------------------------------------------------------------
       322         26          0          0          0        484   Library Totals

    ----------------------------------------------------------------------

==============================================================================


      Code (inc. data)   RO Data    RW Data    ZI Data      Debug   

      6584        468        564         16       6264    1764735   Grand Totals
      6584        468        564         16       6264    1764735   ELF Image Totals
      6584        468        564         16          0          0   ROM Totals

==============================================================================

    Total RO  Size (Code + RO Data)                 7148 (   6.98kB)
    Total RW  Size (RW Data + ZI Data)              6280 (   6.13kB)
    Total ROM Size (Code + RO Data + RW Data)       7164 (   7.00kB)

==============================================================================

